mysql> source test.sql
+----------+
| count(*) |
+----------+
|     3503 |
+----------+
1 row in set (0.00 sec)

+----------+
| count(*) |
+----------+
|      275 |
+----------+
1 row in set (0.00 sec)

mysql> SELECT * FROM Album;
+---------+-------------------------------------------------------------------------------------------------+----------+
| AlbumId | Title                                                                                           | ArtistId |
+---------+-------------------------------------------------------------------------------------------------+----------+
|       1 | For Those About To Rock We Salute You                                                           |        1 |
|       2 | Balls to the Wall                                                                               |        2 |
|       3 | Restless and Wild                                                                               |        2 |
|       4 | Let There Be Rock                                                                               |        1 |
|       5 | Big Ones                                                                                        |        3 |
|       6 | Jagged Little Pill                                                                              |        4 |
|       7 | Facelift                                                                                        |        5 |
|       8 | Warner 25 Anos                                                                                  |        6 |
|       9 | Plays Metallica By Four Cellos                                                                  |        7 |
|      10 | Audioslave                                                                                      |        8 |
|      11 | Out Of Exile                                                                                    |        8 |
|      12 | BackBeat Soundtrack                                                                             |        9 |
|      13 | The Best Of Billy Cobham                                                                        |       10 |
|      14 | Alcohol Fueled Brewtality Live! [Disc 1]                                                        |       11 |
|      15 | Alcohol Fueled Brewtality Live! [Disc 2]                                                        |       11 |
|      16 | Black Sabbath                                                                                   |       12 |
|      17 | Black Sabbath Vol. 4 (Remaster)                                                                 |       12 |
|      18 | Body Count                                                                                      |       13 |
|      19 | Chemical Wedding                                                                                |       14 |
|      20 | The Best Of Buddy Guy - The Millenium Collection                                                |       15 |
|      21 | Prenda Minha                                                                                    |       16 |
|      22 | Sozinho Remix Ao Vivo                                                                           |       16 |
|      23 | Minha Historia                                                                                  |       17 |
|      24 | Afrociberdelia                                                                                  |       18 |
|      25 | Da Lama Ao Caos                                                                                 |       18 |
|      26 | Acústico MTV [Live]                                                                             |       19 |
|      27 | Cidade Negra - Hits                                                                             |       19 |
|      28 | Na Pista                                                                                        |       20 |
|      29 | Axé Bahia 2001                                                                                  |       21 |
|      30 | BBC Sessions [Disc 1] [Live]                                                                    |       22 |
|      31 | Bongo Fury                                                                                      |       23 |
|      32 | Carnaval 2001                                                                                   |       21 |
|      33 | Chill: Brazil (Disc 1)                                                                          |       24 |
|      34 | Chill: Brazil (Disc 2)                                                                          |        6 |
|      35 | Garage Inc. (Disc 1)                                                                            |       50 |
|      36 | Greatest Hits II                                                                                |       51 |
|      37 | Greatest Kiss                                                                                   |       52 |
|      38 | Heart of the Night                                                                              |       53 |
|      39 | International Superhits                                                                         |       54 |
|      40 | Into The Light                                                                                  |       55 |
|      41 | Meus Momentos                                                                                   |       56 |
|      42 | Minha História                                                                                  |       57 |
|      43 | MK III The Final Concerts [Disc 1]                                                              |       58 |
|      44 | Physical Graffiti [Disc 1]                                                                      |       22 |
|      45 | Sambas De Enredo 2001                                                                           |       21 |
|      46 | Supernatural                                                                                    |       59 |
|      47 | The Best of Ed Motta                                                                            |       37 |
|      48 | The Essential Miles Davis [Disc 1]                                                              |       68 |
|      49 | The Essential Miles Davis [Disc 2]                                                              |       68 |
|      50 | The Final Concerts (Disc 2)                                                                     |       58 |
|      51 | Up An' Atom                                                                                     |       69 |
|      52 | Vinícius De Moraes - Sem Limite                                                                 |       70 |
|      53 | Vozes do MPB                                                                                    |       21 |
|      54 | Chronicle, Vol. 1                                                                               |       76 |
|      55 | Chronicle, Vol. 2                                                                               |       76 |
|      56 | Cássia Eller - Coleção Sem Limite [Disc 2]                                                      |       77 |
|      57 | Cássia Eller - Sem Limite [Disc 1]                                                              |       77 |
|      58 | Come Taste The Band                                                                             |       58 |
|      59 | Deep Purple In Rock                                                                             |       58 |
|      60 | Fireball                                                                                        |       58 |
|      61 | Knocking at Your Back Door: The Best Of Deep Purple in the 80's                                 |       58 |
|      62 | Machine Head                                                                                    |       58 |
|      63 | Purpendicular                                                                                   |       58 |
|      64 | Slaves And Masters                                                                              |       58 |
|      65 | Stormbringer                                                                                    |       58 |
|      66 | The Battle Rages On                                                                             |       58 |
|      67 | Vault: Def Leppard's Greatest Hits                                                              |       78 |
|      68 | Outbreak                                                                                        |       79 |
|      69 | Djavan Ao Vivo - Vol. 02                                                                        |       80 |
|      70 | Djavan Ao Vivo - Vol. 1                                                                         |       80 |
|      71 | Elis Regina-Minha História                                                                      |       41 |
|      72 | The Cream Of Clapton                                                                            |       81 |
|      73 | Unplugged                                                                                       |       81 |
|      74 | Album Of The Year                                                                               |       82 |
|      75 | Angel Dust                                                                                      |       82 |
|      76 | King For A Day Fool For A Lifetime                                                              |       82 |
|      77 | The Real Thing                                                                                  |       82 |
|      78 | Deixa Entrar                                                                                    |       83 |
|      79 | In Your Honor [Disc 1]                                                                          |       84 |
|      80 | In Your Honor [Disc 2]                                                                          |       84 |
|      81 | One By One                                                                                      |       84 |
|      82 | The Colour And The Shape                                                                        |       84 |
|      83 | My Way: The Best Of Frank Sinatra [Disc 1]                                                      |       85 |
|      84 | Roda De Funk                                                                                    |       86 |
|      85 | As Canções de Eu Tu Eles                                                                        |       27 |
|      86 | Quanta Gente Veio Ver (Live)                                                                    |       27 |
|      87 | Quanta Gente Veio ver--Bônus De Carnaval                                                        |       27 |
|      88 | Faceless                                                                                        |       87 |
|      89 | American Idiot                                                                                  |       54 |
|      90 | Appetite for Destruction                                                                        |       88 |
|      91 | Use Your Illusion I                                                                             |       88 |
|      92 | Use Your Illusion II                                                                            |       88 |
|      93 | Blue Moods                                                                                      |       89 |
|      94 | A Matter of Life and Death                                                                      |       90 |
|      95 | A Real Dead One                                                                                 |       90 |
|      96 | A Real Live One                                                                                 |       90 |
|      97 | Brave New World                                                                                 |       90 |
|      98 | Dance Of Death                                                                                  |       90 |
|      99 | Fear Of The Dark                                                                                |       90 |
|     100 | Iron Maiden                                                                                     |       90 |
|     101 | Killers                                                                                         |       90 |
|     102 | Live After Death                                                                                |       90 |
|     103 | Live At Donington 1992 (Disc 1)                                                                 |       90 |
|     104 | Live At Donington 1992 (Disc 2)                                                                 |       90 |
|     105 | No Prayer For The Dying                                                                         |       90 |
|     106 | Piece Of Mind                                                                                   |       90 |
|     107 | Powerslave                                                                                      |       90 |
|     108 | Rock In Rio [CD1]                                                                               |       90 |
|     109 | Rock In Rio [CD2]                                                                               |       90 |
|     110 | Seventh Son of a Seventh Son                                                                    |       90 |
|     111 | Somewhere in Time                                                                               |       90 |
|     112 | The Number of The Beast                                                                         |       90 |
|     113 | The X Factor                                                                                    |       90 |
|     114 | Virtual XI                                                                                      |       90 |
|     115 | Sex Machine                                                                                     |       91 |
|     116 | Emergency On Planet Earth                                                                       |       92 |
|     117 | Synkronized                                                                                     |       92 |
|     118 | The Return Of The Space Cowboy                                                                  |       92 |
|     119 | Get Born                                                                                        |       93 |
|     120 | Are You Experienced?                                                                            |       94 |
|     121 | Surfing with the Alien (Remastered)                                                             |       95 |
|     122 | Jorge Ben Jor 25 Anos                                                                           |       46 |
|     123 | Jota Quest-1995                                                                                 |       96 |
|     124 | Cafezinho                                                                                       |       97 |
|     125 | Living After Midnight                                                                           |       98 |
|     126 | Unplugged [Live]                                                                                |       52 |
|     127 | BBC Sessions [Disc 2] [Live]                                                                    |       22 |
|     128 | Coda                                                                                            |       22 |
|     129 | Houses Of The Holy                                                                              |       22 |
|     130 | In Through The Out Door                                                                         |       22 |
|     131 | IV                                                                                              |       22 |
|     132 | Led Zeppelin I                                                                                  |       22 |
|     133 | Led Zeppelin II                                                                                 |       22 |
|     134 | Led Zeppelin III                                                                                |       22 |
|     135 | Physical Graffiti [Disc 2]                                                                      |       22 |
|     136 | Presence                                                                                        |       22 |
|     137 | The Song Remains The Same (Disc 1)                                                              |       22 |
|     138 | The Song Remains The Same (Disc 2)                                                              |       22 |
|     139 | A TempestadeTempestade Ou O Livro Dos Dias                                                      |       99 |
|     140 | Mais Do Mesmo                                                                                   |       99 |
|     141 | Greatest Hits                                                                                   |      100 |
|     142 | Lulu Santos - RCA 100 Anos De Música - Álbum 01                                                 |      101 |
|     143 | Lulu Santos - RCA 100 Anos De Música - Álbum 02                                                 |      101 |
|     144 | Misplaced Childhood                                                                             |      102 |
|     145 | Barulhinho Bom                                                                                  |      103 |
|     146 | Seek And Shall Find: More Of The Best (1963-1981)                                               |      104 |
|     147 | The Best Of Men At Work                                                                         |      105 |
|     148 | Black Album                                                                                     |       50 |
|     149 | Garage Inc. (Disc 2)                                                                            |       50 |
|     150 | Kill 'Em All                                                                                    |       50 |
|     151 | Load                                                                                            |       50 |
|     152 | Master Of Puppets                                                                               |       50 |
|     153 | ReLoad                                                                                          |       50 |
|     154 | Ride The Lightning                                                                              |       50 |
|     155 | St. Anger                                                                                       |       50 |
|     156 | ...And Justice For All                                                                          |       50 |
|     157 | Miles Ahead                                                                                     |       68 |
|     158 | Milton Nascimento Ao Vivo                                                                       |       42 |
|     159 | Minas                                                                                           |       42 |
|     160 | Ace Of Spades                                                                                   |      106 |
|     161 | Demorou...                                                                                      |      108 |
|     162 | Motley Crue Greatest Hits                                                                       |      109 |
|     163 | From The Muddy Banks Of The Wishkah [Live]                                                      |      110 |
|     164 | Nevermind                                                                                       |      110 |
|     165 | Compositores                                                                                    |      111 |
|     166 | Olodum                                                                                          |      112 |
|     167 | Acústico MTV                                                                                    |      113 |
|     168 | Arquivo II                                                                                      |      113 |
|     169 | Arquivo Os Paralamas Do Sucesso                                                                 |      113 |
|     170 | Bark at the Moon (Remastered)                                                                   |      114 |
|     171 | Blizzard of Ozz                                                                                 |      114 |
|     172 | Diary of a Madman (Remastered)                                                                  |      114 |
|     173 | No More Tears (Remastered)                                                                      |      114 |
|     174 | Tribute                                                                                         |      114 |
|     175 | Walking Into Clarksdale                                                                         |      115 |
|     176 | Original Soundtracks 1                                                                          |      116 |
|     177 | The Beast Live                                                                                  |      117 |
|     178 | Live On Two Legs [Live]                                                                         |      118 |
|     179 | Pearl Jam                                                                                       |      118 |
|     180 | Riot Act                                                                                        |      118 |
|     181 | Ten                                                                                             |      118 |
|     182 | Vs.                                                                                             |      118 |
|     183 | Dark Side Of The Moon                                                                           |      120 |
|     184 | Os Cães Ladram Mas A Caravana Não Pára                                                          |      121 |
|     185 | Greatest Hits I                                                                                 |       51 |
|     186 | News Of The World                                                                               |       51 |
|     187 | Out Of Time                                                                                     |      122 |
|     188 | Green                                                                                           |      124 |
|     189 | New Adventures In Hi-Fi                                                                         |      124 |
|     190 | The Best Of R.E.M.: The IRS Years                                                               |      124 |
|     191 | Cesta Básica                                                                                    |      125 |
|     192 | Raul Seixas                                                                                     |      126 |
|     193 | Blood Sugar Sex Magik                                                                           |      127 |
|     194 | By The Way                                                                                      |      127 |
|     195 | Californication                                                                                 |      127 |
|     196 | Retrospective I (1974-1980)                                                                     |      128 |
|     197 | Santana - As Years Go By                                                                        |       59 |
|     198 | Santana Live                                                                                    |       59 |
|     199 | Maquinarama                                                                                     |      130 |
|     200 | O Samba Poconé                                                                                  |      130 |
|     201 | Judas 0: B-Sides and Rarities                                                                   |      131 |
|     202 | Rotten Apples: Greatest Hits                                                                    |      131 |
|     203 | A-Sides                                                                                         |      132 |
|     204 | Morning Dance                                                                                   |       53 |
|     205 | In Step                                                                                         |      133 |
|     206 | Core                                                                                            |      134 |
|     207 | Mezmerize                                                                                       |      135 |
|     208 | [1997] Black Light Syndrome                                                                     |      136 |
|     209 | Live [Disc 1]                                                                                   |      137 |
|     210 | Live [Disc 2]                                                                                   |      137 |
|     211 | The Singles                                                                                     |      138 |
|     212 | Beyond Good And Evil                                                                            |      139 |
|     213 | Pure Cult: The Best Of The Cult (For Rockers, Ravers, Lovers & Sinners) [UK]                    |      139 |
|     214 | The Doors                                                                                       |      140 |
|     215 | The Police Greatest Hits                                                                        |      141 |
|     216 | Hot Rocks, 1964-1971 (Disc 1)                                                                   |      142 |
|     217 | No Security                                                                                     |      142 |
|     218 | Voodoo Lounge                                                                                   |      142 |
|     219 | Tangents                                                                                        |      143 |
|     220 | Transmission                                                                                    |      143 |
|     221 | My Generation - The Very Best Of The Who                                                        |      144 |
|     222 | Serie Sem Limite (Disc 1)                                                                       |      145 |
|     223 | Serie Sem Limite (Disc 2)                                                                       |      145 |
|     224 | Acústico                                                                                        |      146 |
|     225 | Volume Dois                                                                                     |      146 |
|     226 | Battlestar Galactica: The Story So Far                                                          |      147 |
|     227 | Battlestar Galactica, Season 3                                                                  |      147 |
|     228 | Heroes, Season 1                                                                                |      148 |
|     229 | Lost, Season 3                                                                                  |      149 |
|     230 | Lost, Season 1                                                                                  |      149 |
|     231 | Lost, Season 2                                                                                  |      149 |
|     232 | Achtung Baby                                                                                    |      150 |
|     233 | All That You Can't Leave Behind                                                                 |      150 |
|     234 | B-Sides 1980-1990                                                                               |      150 |
|     235 | How To Dismantle An Atomic Bomb                                                                 |      150 |
|     236 | Pop                                                                                             |      150 |
|     237 | Rattle And Hum                                                                                  |      150 |
|     238 | The Best Of 1980-1990                                                                           |      150 |
|     239 | War                                                                                             |      150 |
|     240 | Zooropa                                                                                         |      150 |
|     241 | UB40 The Best Of - Volume Two [UK]                                                              |      151 |
|     242 | Diver Down                                                                                      |      152 |
|     243 | The Best Of Van Halen, Vol. I                                                                   |      152 |
|     244 | Van Halen                                                                                       |      152 |
|     245 | Van Halen III                                                                                   |      152 |
|     246 | Contraband                                                                                      |      153 |
|     247 | Vinicius De Moraes                                                                              |       72 |
|     248 | Ao Vivo [IMPORT]                                                                                |      155 |
|     249 | The Office, Season 1                                                                            |      156 |
|     250 | The Office, Season 2                                                                            |      156 |
|     251 | The Office, Season 3                                                                            |      156 |
|     252 | Un-Led-Ed                                                                                       |      157 |
|     253 | Battlestar Galactica (Classic), Season 1                                                        |      158 |
|     254 | Aquaman                                                                                         |      159 |
|     255 | Instant Karma: The Amnesty International Campaign to Save Darfur                                |      150 |
|     256 | Speak of the Devil                                                                              |      114 |
|     257 | 20th Century Masters - The Millennium Collection: The Best of Scorpions                         |      179 |
|     258 | House of Pain                                                                                   |      180 |
|     259 | Radio Brasil (O Som da Jovem Vanguarda) - Seleccao de Henrique Amaro                            |       36 |
|     260 | Cake: B-Sides and Rarities                                                                      |      196 |
|     261 | LOST, Season 4                                                                                  |      149 |
|     262 | Quiet Songs                                                                                     |      197 |
|     263 | Muso Ko                                                                                         |      198 |
|     264 | Realize                                                                                         |      199 |
|     265 | Every Kind of Light                                                                             |      200 |
|     266 | Duos II                                                                                         |      201 |
|     267 | Worlds                                                                                          |      202 |
|     268 | The Best of Beethoven                                                                           |      203 |
|     269 | Temple of the Dog                                                                               |      204 |
|     270 | Carry On                                                                                        |      205 |
|     271 | Revelations                                                                                     |        8 |
|     272 | Adorate Deum: Gregorian Chant from the Proper of the Mass                                       |      206 |
|     273 | Allegri: Miserere                                                                               |      207 |
|     274 | Pachelbel: Canon & Gigue                                                                        |      208 |
|     275 | Vivaldi: The Four Seasons                                                                       |      209 |
|     276 | Bach: Violin Concertos                                                                          |      210 |
|     277 | Bach: Goldberg Variations                                                                       |      211 |
|     278 | Bach: The Cello Suites                                                                          |      212 |
|     279 | Handel: The Messiah (Highlights)                                                                |      213 |
|     280 | The World of Classical Favourites                                                               |      214 |
|     281 | Sir Neville Marriner: A Celebration                                                             |      215 |
|     282 | Mozart: Wind Concertos                                                                          |      216 |
|     283 | Haydn: Symphonies 99 - 104                                                                      |      217 |
|     284 | Beethoven: Symhonies Nos. 5 & 6                                                                 |      218 |
|     285 | A Soprano Inspired                                                                              |      219 |
|     286 | Great Opera Choruses                                                                            |      220 |
|     287 | Wagner: Favourite Overtures                                                                     |      221 |
|     288 | Fauré: Requiem, Ravel: Pavane & Others                                                          |      222 |
|     289 | Tchaikovsky: The Nutcracker                                                                     |      223 |
|     290 | The Last Night of the Proms                                                                     |      224 |
|     291 | Puccini: Madama Butterfly - Highlights                                                          |      225 |
|     292 | Holst: The Planets, Op. 32 & Vaughan Williams: Fantasies                                        |      226 |
|     293 | Pavarotti's Opera Made Easy                                                                     |      227 |
|     294 | Great Performances - Barber's Adagio and Other Romantic Favorites for Strings                   |      228 |
|     295 | Carmina Burana                                                                                  |      229 |
|     296 | A Copland Celebration, Vol. I                                                                   |      230 |
|     297 | Bach: Toccata & Fugue in D Minor                                                                |      231 |
|     298 | Prokofiev: Symphony No.1                                                                        |      232 |
|     299 | Scheherazade                                                                                    |      233 |
|     300 | Bach: The Brandenburg Concertos                                                                 |      234 |
|     301 | Chopin: Piano Concertos Nos. 1 & 2                                                              |      235 |
|     302 | Mascagni: Cavalleria Rusticana                                                                  |      236 |
|     303 | Sibelius: Finlandia                                                                             |      237 |
|     304 | Beethoven Piano Sonatas: Moonlight & Pastorale                                                  |      238 |
|     305 | Great Recordings of the Century - Mahler: Das Lied von der Erde                                 |      240 |
|     306 | Elgar: Cello Concerto & Vaughan Williams: Fantasias                                             |      241 |
|     307 | Adams, John: The Chairman Dances                                                                |      242 |
|     308 | Tchaikovsky: 1812 Festival Overture, Op.49, Capriccio Italien & Beethoven: Wellington's Victory |      243 |
|     309 | Palestrina: Missa Papae Marcelli & Allegri: Miserere                                            |      244 |
|     310 | Prokofiev: Romeo & Juliet                                                                       |      245 |
|     311 | Strauss: Waltzes                                                                                |      226 |
|     312 | Berlioz: Symphonie Fantastique                                                                  |      245 |
|     313 | Bizet: Carmen Highlights                                                                        |      246 |
|     314 | English Renaissance                                                                             |      247 |
|     315 | Handel: Music for the Royal Fireworks (Original Version 1749)                                   |      208 |
|     316 | Grieg: Peer Gynt Suites & Sibelius: Pelléas et Mélisande                                        |      248 |
|     317 | Mozart Gala: Famous Arias                                                                       |      249 |
|     318 | SCRIABIN: Vers la flamme                                                                        |      250 |
|     319 | Armada: Music from the Courts of England and Spain                                              |      251 |
|     320 | Mozart: Symphonies Nos. 40 & 41                                                                 |      248 |
|     321 | Back to Black                                                                                   |      252 |
|     322 | Frank                                                                                           |      252 |
|     323 | Carried to Dust (Bonus Track Version)                                                           |      253 |
|     324 | Beethoven: Symphony No. 6 'Pastoral' Etc.                                                       |      254 |
|     325 | Bartok: Violin & Viola Concertos                                                                |      255 |
|     326 | Mendelssohn: A Midsummer Night's Dream                                                          |      256 |
|     327 | Bach: Orchestral Suites Nos. 1 - 4                                                              |      257 |
|     328 | Charpentier: Divertissements, Airs & Concerts                                                   |      258 |
|     329 | South American Getaway                                                                          |      259 |
|     330 | Górecki: Symphony No. 3                                                                         |      260 |
|     331 | Purcell: The Fairy Queen                                                                        |      261 |
|     332 | The Ultimate Relexation Album                                                                   |      262 |
|     333 | Purcell: Music for the Queen Mary                                                               |      263 |
|     334 | Weill: The Seven Deadly Sins                                                                    |      264 |
|     335 | J.S. Bach: Chaconne, Suite in E Minor, Partita in E Major & Prelude, Fugue and Allegro          |      265 |
|     336 | Prokofiev: Symphony No.5 & Stravinksy: Le Sacre Du Printemps                                    |      248 |
|     337 | Szymanowski: Piano Works, Vol. 1                                                                |      266 |
|     338 | Nielsen: The Six Symphonies                                                                     |      267 |
|     339 | Great Recordings of the Century: Paganini's 24 Caprices                                         |      268 |
|     340 | Liszt - 12 Études D'Execution Transcendante                                                     |      269 |
|     341 | Great Recordings of the Century - Shubert: Schwanengesang, 4 Lieder                             |      270 |
|     342 | Locatelli: Concertos for Violin, Strings and Continuo, Vol. 3                                   |      271 |
|     343 | Respighi:Pines of Rome                                                                          |      226 |
|     344 | Schubert: The Late String Quartets & String Quintet (3 CD's)                                    |      272 |
|     345 | Monteverdi: L'Orfeo                                                                             |      273 |
|     346 | Mozart: Chamber Music                                                                           |      274 |
|     347 | Koyaanisqatsi (Soundtrack from the Motion Picture)                                              |      275 |
+---------+-------------------------------------------------------------------------------------------------+----------+
347 rows in set (0.00 sec)

mysql> SELECT * FROM Album LIMIT 5;
+---------+---------------------------------------+----------+
| AlbumId | Title                                 | ArtistId |
+---------+---------------------------------------+----------+
|       1 | For Those About To Rock We Salute You |        1 |
|       2 | Balls to the Wall                     |        2 |
|       3 | Restless and Wild                     |        2 |
|       4 | Let There Be Rock                     |        1 |
|       5 | Big Ones                              |        3 |
+---------+---------------------------------------+----------+
5 rows in set (0.00 sec)

mysql> SELECT Title, Name FROM Album
    -> JOIN Artist ON Album.ArtistId = Artist.ArtistId
    -> LIMIT 5;
+---------------------------------------+-----------+
| Title                                 | Name      |
+---------------------------------------+-----------+
| For Those About To Rock We Salute You | AC/DC     |
| Balls to the Wall                     | Accept    |
| Restless and Wild                     | Accept    |
| Let There Be Rock                     | AC/DC     |
| Big Ones                              | Aerosmith |
+---------------------------------------+-----------+
5 rows in set (0.00 sec)

mysql> INSET INTO Genre (Name) VALUES ('Trad');
ERROR 1064 (42000): You have an error in your SQL syntax; check the manual that corresponds to your MySQL server version for the right syntax to use near 'INSET INTO Genre (Name) VALUES ('Trad')' at line 1
mysql> INSERT INTO Genre (Name) VALUES (’Trad’);
ERROR 1054 (42S22): Unknown column '’Trad’' in 'field list'
mysql> INSERT INTO Genre (Name) VALUES (`Trad`);
ERROR 1054 (42S22): Unknown column 'Trad' in 'field list'
mysql> INSERT INTO Genre (Name) VALUES ('Trad');
Query OK, 1 row affected (0.03 sec)

mysql> SELECT LAST_INSERT_ID();
+------------------+
| LAST_INSERT_ID() |
+------------------+
|               26 |
+------------------+
1 row in set (0.00 sec)

mysql> SELECT Name FROM Genre WHERE GenreId = 26;
+------+
| Name |
+------+
| Trad |
+------+
1 row in set (0.00 sec)

mysql> UPDATE Genre SET Name = 'Traditional' WHERE Name = 'Trad';
Query OK, 1 row affected (0.03 sec)
Rows matched: 1  Changed: 1  Warnings: 0

mysql> SELECT Name FROM Genre WHERE GenreId = 26;
+-------------+
| Name        |
+-------------+
| Traditional |
+-------------+
1 row in set (0.00 sec)

mysql> DELETE FROM Genre WHERE Name = 'Traditional';
Query OK, 1 row affected (0.03 sec)

mysql> SELECT Name FROM Genre WHERE GenreId = 26;
Empty set (0.00 sec)

mysql> select Name From Artist;
+---------------------------------------------------------------------------------------+
| Name                                                                                  |
+---------------------------------------------------------------------------------------+
| AC/DC                                                                                 |
| Accept                                                                                |
| Aerosmith                                                                             |
| Alanis Morissette                                                                     |
| Alice In Chains                                                                       |
| Antônio Carlos Jobim                                                                  |
| Apocalyptica                                                                          |
| Audioslave                                                                            |
| BackBeat                                                                              |
| Billy Cobham                                                                          |
| Black Label Society                                                                   |
| Black Sabbath                                                                         |
| Body Count                                                                            |
| Bruce Dickinson                                                                       |
| Buddy Guy                                                                             |
| Caetano Veloso                                                                        |
| Chico Buarque                                                                         |
| Chico Science & Nação Zumbi                                                           |
| Cidade Negra                                                                          |
| Cláudio Zoli                                                                          |
| Various Artists                                                                       |
| Led Zeppelin                                                                          |
| Frank Zappa & Captain Beefheart                                                       |
| Marcos Valle                                                                          |
| Milton Nascimento & Bebeto                                                            |
| Azymuth                                                                               |
| Gilberto Gil                                                                          |
| João Gilberto                                                                         |
| Bebel Gilberto                                                                        |
| Jorge Vercilo                                                                         |
| Baby Consuelo                                                                         |
| Ney Matogrosso                                                                        |
| Luiz Melodia                                                                          |
| Nando Reis                                                                            |
| Pedro Luís & A Parede                                                                 |
| O Rappa                                                                               |
| Ed Motta                                                                              |
| Banda Black Rio                                                                       |
| Fernanda Porto                                                                        |
| Os Cariocas                                                                           |
| Elis Regina                                                                           |
| Milton Nascimento                                                                     |
| A Cor Do Som                                                                          |
| Kid Abelha                                                                            |
| Sandra De Sá                                                                          |
| Jorge Ben                                                                             |
| Hermeto Pascoal                                                                       |
| Barão Vermelho                                                                        |
| Edson, DJ Marky & DJ Patife Featuring Fernanda Porto                                  |
| Metallica                                                                             |
| Queen                                                                                 |
| Kiss                                                                                  |
| Spyro Gyra                                                                            |
| Green Day                                                                             |
| David Coverdale                                                                       |
| Gonzaguinha                                                                           |
| Os Mutantes                                                                           |
| Deep Purple                                                                           |
| Santana                                                                               |
| Santana Feat. Dave Matthews                                                           |
| Santana Feat. Everlast                                                                |
| Santana Feat. Rob Thomas                                                              |
| Santana Feat. Lauryn Hill & Cee-Lo                                                    |
| Santana Feat. The Project G&B                                                         |
| Santana Feat. Maná                                                                    |
| Santana Feat. Eagle-Eye Cherry                                                        |
| Santana Feat. Eric Clapton                                                            |
| Miles Davis                                                                           |
| Gene Krupa                                                                            |
| Toquinho & Vinícius                                                                   |
| Vinícius De Moraes & Baden Powell                                                     |
| Vinícius De Moraes                                                                    |
| Vinícius E Qurteto Em Cy                                                              |
| Vinícius E Odette Lara                                                                |
| Vinicius, Toquinho & Quarteto Em Cy                                                   |
| Creedence Clearwater Revival                                                          |
| Cássia Eller                                                                          |
| Def Leppard                                                                           |
| Dennis Chambers                                                                       |
| Djavan                                                                                |
| Eric Clapton                                                                          |
| Faith No More                                                                         |
| Falamansa                                                                             |
| Foo Fighters                                                                          |
| Frank Sinatra                                                                         |
| Funk Como Le Gusta                                                                    |
| Godsmack                                                                              |
| Guns N' Roses                                                                         |
| Incognito                                                                             |
| Iron Maiden                                                                           |
| James Brown                                                                           |
| Jamiroquai                                                                            |
| JET                                                                                   |
| Jimi Hendrix                                                                          |
| Joe Satriani                                                                          |
| Jota Quest                                                                            |
| João Suplicy                                                                          |
| Judas Priest                                                                          |
| Legião Urbana                                                                         |
| Lenny Kravitz                                                                         |
| Lulu Santos                                                                           |
| Marillion                                                                             |
| Marisa Monte                                                                          |
| Marvin Gaye                                                                           |
| Men At Work                                                                           |
| Motörhead                                                                             |
| Motörhead & Girlschool                                                                |
| Mônica Marianno                                                                       |
| Mötley Crüe                                                                           |
| Nirvana                                                                               |
| O Terço                                                                               |
| Olodum                                                                                |
| Os Paralamas Do Sucesso                                                               |
| Ozzy Osbourne                                                                         |
| Page & Plant                                                                          |
| Passengers                                                                            |
| Paul D'Ianno                                                                          |
| Pearl Jam                                                                             |
| Peter Tosh                                                                            |
| Pink Floyd                                                                            |
| Planet Hemp                                                                           |
| R.E.M. Feat. Kate Pearson                                                             |
| R.E.M. Feat. KRS-One                                                                  |
| R.E.M.                                                                                |
| Raimundos                                                                             |
| Raul Seixas                                                                           |
| Red Hot Chili Peppers                                                                 |
| Rush                                                                                  |
| Simply Red                                                                            |
| Skank                                                                                 |
| Smashing Pumpkins                                                                     |
| Soundgarden                                                                           |
| Stevie Ray Vaughan & Double Trouble                                                   |
| Stone Temple Pilots                                                                   |
| System Of A Down                                                                      |
| Terry Bozzio, Tony Levin & Steve Stevens                                              |
| The Black Crowes                                                                      |
| The Clash                                                                             |
| The Cult                                                                              |
| The Doors                                                                             |
| The Police                                                                            |
| The Rolling Stones                                                                    |
| The Tea Party                                                                         |
| The Who                                                                               |
| Tim Maia                                                                              |
| Titãs                                                                                 |
| Battlestar Galactica                                                                  |
| Heroes                                                                                |
| Lost                                                                                  |
| U2                                                                                    |
| UB40                                                                                  |
| Van Halen                                                                             |
| Velvet Revolver                                                                       |
| Whitesnake                                                                            |
| Zeca Pagodinho                                                                        |
| The Office                                                                            |
| Dread Zeppelin                                                                        |
| Battlestar Galactica (Classic)                                                        |
| Aquaman                                                                               |
| Christina Aguilera featuring BigElf                                                   |
| Aerosmith & Sierra Leone's Refugee Allstars                                           |
| Los Lonely Boys                                                                       |
| Corinne Bailey Rae                                                                    |
| Dhani Harrison & Jakob Dylan                                                          |
| Jackson Browne                                                                        |
| Avril Lavigne                                                                         |
| Big & Rich                                                                            |
| Youssou N'Dour                                                                        |
| Black Eyed Peas                                                                       |
| Jack Johnson                                                                          |
| Ben Harper                                                                            |
| Snow Patrol                                                                           |
| Matisyahu                                                                             |
| The Postal Service                                                                    |
| Jaguares                                                                              |
| The Flaming Lips                                                                      |
| Jack's Mannequin & Mick Fleetwood                                                     |
| Regina Spektor                                                                        |
| Scorpions                                                                             |
| House Of Pain                                                                         |
| Xis                                                                                   |
| Nega Gizza                                                                            |
| Gustavo & Andres Veiga & Salazar                                                      |
| Rodox                                                                                 |
| Charlie Brown Jr.                                                                     |
| Pedro Luís E A Parede                                                                 |
| Los Hermanos                                                                          |
| Mundo Livre S/A                                                                       |
| Otto                                                                                  |
| Instituto                                                                             |
| Nação Zumbi                                                                           |
| DJ Dolores & Orchestra Santa Massa                                                    |
| Seu Jorge                                                                             |
| Sabotage E Instituto                                                                  |
| Stereo Maracana                                                                       |
| Cake                                                                                  |
| Aisha Duo                                                                             |
| Habib Koité and Bamada                                                                |
| Karsh Kale                                                                            |
| The Posies                                                                            |
| Luciana Souza/Romero Lubambo                                                          |
| Aaron Goldberg                                                                        |
| Nicolaus Esterhazy Sinfonia                                                           |
| Temple of the Dog                                                                     |
| Chris Cornell                                                                         |
| Alberto Turco & Nova Schola Gregoriana                                                |
| Richard Marlow & The Choir of Trinity College, Cambridge                              |
| English Concert & Trevor Pinnock                                                      |
| Anne-Sophie Mutter, Herbert Von Karajan & Wiener Philharmoniker                       |
| Hilary Hahn, Jeffrey Kahane, Los Angeles Chamber Orchestra & Margaret Batjer          |
| Wilhelm Kempff                                                                        |
| Yo-Yo Ma                                                                              |
| Scholars Baroque Ensemble                                                             |
| Academy of St. Martin in the Fields & Sir Neville Marriner                            |
| Academy of St. Martin in the Fields Chamber Ensemble & Sir Neville Marriner           |
| Berliner Philharmoniker, Claudio Abbado & Sabine Meyer                                |
| Royal Philharmonic Orchestra & Sir Thomas Beecham                                     |
| Orchestre Révolutionnaire et Romantique & John Eliot Gardiner                         |
| Britten Sinfonia, Ivor Bolton & Lesley Garrett                                        |
| Chicago Symphony Chorus, Chicago Symphony Orchestra & Sir Georg Solti                 |
| Sir Georg Solti & Wiener Philharmoniker                                               |
| Academy of St. Martin in the Fields, John Birch, Sir Neville Marriner & Sylvia McNair |
| London Symphony Orchestra & Sir Charles Mackerras                                     |
| Barry Wordsworth & BBC Concert Orchestra                                              |
| Herbert Von Karajan, Mirella Freni & Wiener Philharmoniker                            |
| Eugene Ormandy                                                                        |
| Luciano Pavarotti                                                                     |
| Leonard Bernstein & New York Philharmonic                                             |
| Boston Symphony Orchestra & Seiji Ozawa                                               |
| Aaron Copland & London Symphony Orchestra                                             |
| Ton Koopman                                                                           |
| Sergei Prokofiev & Yuri Temirkanov                                                    |
| Chicago Symphony Orchestra & Fritz Reiner                                             |
| Orchestra of The Age of Enlightenment                                                 |
| Emanuel Ax, Eugene Ormandy & Philadelphia Orchestra                                   |
| James Levine                                                                          |
| Berliner Philharmoniker & Hans Rosbaud                                                |
| Maurizio Pollini                                                                      |
| Academy of St. Martin in the Fields, Sir Neville Marriner & William Bennett           |
| Gustav Mahler                                                                         |
| Felix Schmidt, London Symphony Orchestra & Rafael Frühbeck de Burgos                  |
| Edo de Waart & San Francisco Symphony                                                 |
| Antal Doráti & London Symphony Orchestra                                              |
| Choir Of Westminster Abbey & Simon Preston                                            |
| Michael Tilson Thomas & San Francisco Symphony                                        |
| Chor der Wiener Staatsoper, Herbert Von Karajan & Wiener Philharmoniker               |
| The King's Singers                                                                    |
| Berliner Philharmoniker & Herbert Von Karajan                                         |
| Sir Georg Solti, Sumi Jo & Wiener Philharmoniker                                      |
| Christopher O'Riley                                                                   |
| Fretwork                                                                              |
| Amy Winehouse                                                                         |
| Calexico                                                                              |
| Otto Klemperer & Philharmonia Orchestra                                               |
| Yehudi Menuhin                                                                        |
| Philharmonia Orchestra & Sir Neville Marriner                                         |
| Academy of St. Martin in the Fields, Sir Neville Marriner & Thurston Dart             |
| Les Arts Florissants & William Christie                                               |
| The 12 Cellists of The Berlin Philharmonic                                            |
| Adrian Leaper & Doreen de Feis                                                        |
| Roger Norrington, London Classical Players                                            |
| Charles Dutoit & L'Orchestre Symphonique de Montréal                                  |
| Equale Brass Ensemble, John Eliot Gardiner & Munich Monteverdi Orchestra and Choir    |
| Kent Nagano and Orchestre de l'Opéra de Lyon                                          |
| Julian Bream                                                                          |
| Martin Roscoe                                                                         |
| Göteborgs Symfoniker & Neeme Järvi                                                    |
| Itzhak Perlman                                                                        |
| Michele Campanella                                                                    |
| Gerald Moore                                                                          |
| Mela Tenenbaum, Pro Musica Prague & Richard Kapp                                      |
| Emerson String Quartet                                                                |
| C. Monteverdi, Nigel Rogers - Chiaroscuro; London Baroque; London Cornett & Sackbu    |
| Nash Ensemble                                                                         |
| Philip Glass Ensemble                                                                 |
+---------------------------------------------------------------------------------------+
275 rows in set (0.00 sec)

mysql> select Firstname,Lastname from Customer;
+------------+---------------+
| Firstname  | Lastname      |
+------------+---------------+
| Luís       | Gonçalves     |
| Leonie     | Köhler        |
| François   | Tremblay      |
| Bjørn      | Hansen        |
| František  | Wichterlová   |
| Helena     | Holý          |
| Astrid     | Gruber        |
| Daan       | Peeters       |
| Kara       | Nielsen       |
| Eduardo    | Martins       |
| Alexandre  | Rocha         |
| Roberto    | Almeida       |
| Fernanda   | Ramos         |
| Mark       | Philips       |
| Jennifer   | Peterson      |
| Frank      | Harris        |
| Jack       | Smith         |
| Michelle   | Brooks        |
| Tim        | Goyer         |
| Dan        | Miller        |
| Kathy      | Chase         |
| Heather    | Leacock       |
| John       | Gordon        |
| Frank      | Ralston       |
| Victor     | Stevens       |
| Richard    | Cunningham    |
| Patrick    | Gray          |
| Julia      | Barnett       |
| Robert     | Brown         |
| Edward     | Francis       |
| Martha     | Silk          |
| Aaron      | Mitchell      |
| Ellie      | Sullivan      |
| João       | Fernandes     |
| Madalena   | Sampaio       |
| Hannah     | Schneider     |
| Fynn       | Zimmermann    |
| Niklas     | Schröder      |
| Camille    | Bernard       |
| Dominique  | Lefebvre      |
| Marc       | Dubois        |
| Wyatt      | Girard        |
| Isabelle   | Mercier       |
| Terhi      | Hämäläinen    |
| Ladislav   | Kovács        |
| Hugh       | O'Reilly      |
| Lucas      | Mancini       |
| Johannes   | Van der Berg  |
| Stanisław  | Wójcik        |
| Enrique    | Muñoz         |
| Joakim     | Johansson     |
| Emma       | Jones         |
| Phil       | Hughes        |
| Steve      | Murray        |
| Mark       | Taylor        |
| Diego      | Gutiérrez     |
| Luis       | Rojas         |
| Manoj      | Pareek        |
| Puja       | Srivastava    |
+------------+---------------+
59 rows in set (0.00 sec)

mysql> select * from Track
    -> where Composer = 'U2';
+---------+--------------------------------------------+---------+-------------+---------+----------+--------------+----------+-----------+
| TrackId | Name                                       | AlbumId | MediaTypeId | GenreId | Composer | Milliseconds | Bytes    | UnitPrice |
+---------+--------------------------------------------+---------+-------------+---------+----------+--------------+----------+-----------+
|    2926 | Zoo Station                                |     232 |           1 |       1 | U2       |       276349 |  9056902 |      0.99 |
|    2927 | Even Better Than The Real Thing            |     232 |           1 |       1 | U2       |       221361 |  7279392 |      0.99 |
|    2928 | One                                        |     232 |           1 |       1 | U2       |       276192 |  9158892 |      0.99 |
|    2929 | Until The End Of The World                 |     232 |           1 |       1 | U2       |       278700 |  9132485 |      0.99 |
|    2930 | Who's Gonna Ride Your Wild Horses          |     232 |           1 |       1 | U2       |       316551 | 10304369 |      0.99 |
|    2931 | So Cruel                                   |     232 |           1 |       1 | U2       |       349492 | 11527614 |      0.99 |
|    2932 | The Fly                                    |     232 |           1 |       1 | U2       |       268982 |  8825399 |      0.99 |
|    2933 | Mysterious Ways                            |     232 |           1 |       1 | U2       |       243826 |  8062057 |      0.99 |
|    2934 | Tryin' To Throw Your Arms Around The World |     232 |           1 |       1 | U2       |       232463 |  7612124 |      0.99 |
|    2935 | Ultraviolet (Light My Way)                 |     232 |           1 |       1 | U2       |       330788 | 10754631 |      0.99 |
|    2936 | Acrobat                                    |     232 |           1 |       1 | U2       |       270288 |  8824723 |      0.99 |
|    2937 | Love Is Blindness                          |     232 |           1 |       1 | U2       |       263497 |  8531766 |      0.99 |
|    2949 | The Three Sunrises                         |     234 |           1 |       1 | U2       |       234788 |  7717990 |      0.99 |
|    2950 | Spanish Eyes                               |     234 |           1 |       1 | U2       |       196702 |  6392710 |      0.99 |
|    2951 | Sweetest Thing                             |     234 |           1 |       1 | U2       |       185103 |  6154896 |      0.99 |
|    2952 | Love Comes Tumbling                        |     234 |           1 |       1 | U2       |       282671 |  9328802 |      0.99 |
|    2953 | Bass Trap                                  |     234 |           1 |       1 | U2       |       213289 |  6834107 |      0.99 |
|    2957 | Walk To The Water                          |     234 |           1 |       1 | U2       |       289253 |  9523336 |      0.99 |
|    2959 | Hallelujah Here She Comes                  |     234 |           1 |       1 | U2       |       242364 |  8027028 |      0.99 |
|    2961 | Endless Deep                               |     234 |           1 |       1 | U2       |       179879 |  5899070 |      0.99 |
|    2962 | A Room At The Heartbreak Hotel             |     234 |           1 |       1 | U2       |       274546 |  9015416 |      0.99 |
|    2963 | Trash, Trampoline And The Party Girl       |     234 |           1 |       1 | U2       |       153965 |  5083523 |      0.99 |
|    3004 | Pride (In The Name Of Love)                |     238 |           1 |       1 | U2       |       230243 |  7549085 |      0.99 |
|    3005 | New Year's Day                             |     238 |           1 |       1 | U2       |       258925 |  8491818 |      0.99 |
|    3006 | With Or Without You                        |     238 |           1 |       1 | U2       |       299023 |  9765188 |      0.99 |
|    3007 | I Still Haven't Found What I'm Looking For |     238 |           1 |       1 | U2       |       280764 |  9306737 |      0.99 |
|    3008 | Sunday Bloody Sunday                       |     238 |           1 |       1 | U2       |       282174 |  9269668 |      0.99 |
|    3009 | Bad                                        |     238 |           1 |       1 | U2       |       351817 | 11628058 |      0.99 |
|    3010 | Where The Streets Have No Name             |     238 |           1 |       1 | U2       |       276218 |  9042305 |      0.99 |
|    3011 | I Will Follow                              |     238 |           1 |       1 | U2       |       218253 |  7184825 |      0.99 |
|    3012 | The Unforgettable Fire                     |     238 |           1 |       1 | U2       |       295183 |  9684664 |      0.99 |
|    3014 | Desire                                     |     238 |           1 |       1 | U2       |       179853 |  5893206 |      0.99 |
|    3015 | When Love Comes To Town                    |     238 |           1 |       1 | U2       |       258194 |  8479525 |      0.99 |
|    3016 | Angel Of Harlem                            |     238 |           1 |       1 | U2       |       230217 |  7527339 |      0.99 |
|    3018 | Sunday Bloody Sunday                       |     239 |           1 |       1 | U2       |       278204 |  9140849 |      0.99 |
|    3019 | Seconds                                    |     239 |           1 |       1 | U2       |       191582 |  6352121 |      0.99 |
|    3020 | New Year's Day                             |     239 |           1 |       1 | U2       |       336274 | 11054732 |      0.99 |
|    3021 | Like A Song...                             |     239 |           1 |       1 | U2       |       287294 |  9365379 |      0.99 |
|    3022 | Drowning Man                               |     239 |           1 |       1 | U2       |       254458 |  8457066 |      0.99 |
|    3023 | The Refugee                                |     239 |           1 |       1 | U2       |       221283 |  7374043 |      0.99 |
|    3024 | Two Hearts Beat As One                     |     239 |           1 |       1 | U2       |       243487 |  7998323 |      0.99 |
|    3025 | Red Light                                  |     239 |           1 |       1 | U2       |       225854 |  7453704 |      0.99 |
|    3026 | Surrender                                  |     239 |           1 |       1 | U2       |       333505 | 11221406 |      0.99 |
|    3027 | "40"                                       |     239 |           1 |       1 | U2       |       157962 |  5251767 |      0.99 |
+---------+--------------------------------------------+---------+-------------+---------+----------+--------------+----------+-----------+
44 rows in set (0.01 sec)

mysql> select * from Album
    -> where AlbumId = 232;
+---------+--------------+----------+
| AlbumId | Title        | ArtistId |
+---------+--------------+----------+
|     232 | Achtung Baby |      150 |
+---------+--------------+----------+
1 row in set (0.00 sec)

mysql> select Track.Name as Track, Title as Album, Artist.Name as Artist from Track
    -> INNER JOIN Album on Track.AlbumId = Album.AlbumId
    -> INNER JOIN Artist on Album.ArtistId = Artist.ArtistId
    -> WHERE Track.Name = 'Believe';
+---------+-------------------------------+-------------------+
| Track   | Album                         | Artist            |
+---------+-------------------------------+-------------------+
| Believe | Heart of the Night            | Spyro Gyra        |
| Believe | Greatest Hits                 | Lenny Kravitz     |
| Believe | Judas 0: B-Sides and Rarities | Smashing Pumpkins |
+---------+-------------------------------+-------------------+
3 rows in set (0.00 sec)

mysql> SELECT * FROM Album 
    -> ORDER BY Title;
+---------+-------------------------------------------------------------------------------------------------+----------+
| AlbumId | Title                                                                                           | ArtistId |
+---------+-------------------------------------------------------------------------------------------------+----------+
|     156 | ...And Justice For All                                                                          |       50 |
|     257 | 20th Century Masters - The Millennium Collection: The Best of Scorpions                         |      179 |
|     296 | A Copland Celebration, Vol. I                                                                   |      230 |
|      94 | A Matter of Life and Death                                                                      |       90 |
|      95 | A Real Dead One                                                                                 |       90 |
|      96 | A Real Live One                                                                                 |       90 |
|     285 | A Soprano Inspired                                                                              |      219 |
|     139 | A TempestadeTempestade Ou O Livro Dos Dias                                                      |       99 |
|     203 | A-Sides                                                                                         |      132 |
|     160 | Ace Of Spades                                                                                   |      106 |
|     232 | Achtung Baby                                                                                    |      150 |
|     224 | Acústico                                                                                        |      146 |
|     167 | Acústico MTV                                                                                    |      113 |
|      26 | Acústico MTV [Live]                                                                             |       19 |
|     307 | Adams, John: The Chairman Dances                                                                |      242 |
|     272 | Adorate Deum: Gregorian Chant from the Proper of the Mass                                       |      206 |
|      24 | Afrociberdelia                                                                                  |       18 |
|      74 | Album Of The Year                                                                               |       82 |
|      14 | Alcohol Fueled Brewtality Live! [Disc 1]                                                        |       11 |
|      15 | Alcohol Fueled Brewtality Live! [Disc 2]                                                        |       11 |
|     233 | All That You Can't Leave Behind                                                                 |      150 |
|     273 | Allegri: Miserere                                                                               |      207 |
|      89 | American Idiot                                                                                  |       54 |
|      75 | Angel Dust                                                                                      |       82 |
|     248 | Ao Vivo [IMPORT]                                                                                |      155 |
|      90 | Appetite for Destruction                                                                        |       88 |
|     254 | Aquaman                                                                                         |      159 |
|     120 | Are You Experienced?                                                                            |       94 |
|     319 | Armada: Music from the Courts of England and Spain                                              |      251 |
|     168 | Arquivo II                                                                                      |      113 |
|     169 | Arquivo Os Paralamas Do Sucesso                                                                 |      113 |
|      85 | As Canções de Eu Tu Eles                                                                        |       27 |
|      10 | Audioslave                                                                                      |        8 |
|      29 | Axé Bahia 2001                                                                                  |       21 |
|     234 | B-Sides 1980-1990                                                                               |      150 |
|     277 | Bach: Goldberg Variations                                                                       |      211 |
|     327 | Bach: Orchestral Suites Nos. 1 - 4                                                              |      257 |
|     300 | Bach: The Brandenburg Concertos                                                                 |      234 |
|     278 | Bach: The Cello Suites                                                                          |      212 |
|     297 | Bach: Toccata & Fugue in D Minor                                                                |      231 |
|     276 | Bach: Violin Concertos                                                                          |      210 |
|     321 | Back to Black                                                                                   |      252 |
|      12 | BackBeat Soundtrack                                                                             |        9 |
|       2 | Balls to the Wall                                                                               |        2 |
|     170 | Bark at the Moon (Remastered)                                                                   |      114 |
|     325 | Bartok: Violin & Viola Concertos                                                                |      255 |
|     145 | Barulhinho Bom                                                                                  |      103 |
|     253 | Battlestar Galactica (Classic), Season 1                                                        |      158 |
|     227 | Battlestar Galactica, Season 3                                                                  |      147 |
|     226 | Battlestar Galactica: The Story So Far                                                          |      147 |
|      30 | BBC Sessions [Disc 1] [Live]                                                                    |       22 |
|     127 | BBC Sessions [Disc 2] [Live]                                                                    |       22 |
|     304 | Beethoven Piano Sonatas: Moonlight & Pastorale                                                  |      238 |
|     284 | Beethoven: Symhonies Nos. 5 & 6                                                                 |      218 |
|     324 | Beethoven: Symphony No. 6 'Pastoral' Etc.                                                       |      254 |
|     312 | Berlioz: Symphonie Fantastique                                                                  |      245 |
|     212 | Beyond Good And Evil                                                                            |      139 |
|       5 | Big Ones                                                                                        |        3 |
|     313 | Bizet: Carmen Highlights                                                                        |      246 |
|     148 | Black Album                                                                                     |       50 |
|      16 | Black Sabbath                                                                                   |       12 |
|      17 | Black Sabbath Vol. 4 (Remaster)                                                                 |       12 |
|     171 | Blizzard of Ozz                                                                                 |      114 |
|     193 | Blood Sugar Sex Magik                                                                           |      127 |
|      93 | Blue Moods                                                                                      |       89 |
|      18 | Body Count                                                                                      |       13 |
|      31 | Bongo Fury                                                                                      |       23 |
|      97 | Brave New World                                                                                 |       90 |
|     194 | By The Way                                                                                      |      127 |
|     124 | Cafezinho                                                                                       |       97 |
|     260 | Cake: B-Sides and Rarities                                                                      |      196 |
|     195 | Californication                                                                                 |      127 |
|     295 | Carmina Burana                                                                                  |      229 |
|      32 | Carnaval 2001                                                                                   |       21 |
|     323 | Carried to Dust (Bonus Track Version)                                                           |      253 |
|     270 | Carry On                                                                                        |      205 |
|      56 | Cássia Eller - Coleção Sem Limite [Disc 2]                                                      |       77 |
|      57 | Cássia Eller - Sem Limite [Disc 1]                                                              |       77 |
|     191 | Cesta Básica                                                                                    |      125 |
|     328 | Charpentier: Divertissements, Airs & Concerts                                                   |      258 |
|      19 | Chemical Wedding                                                                                |       14 |
|      33 | Chill: Brazil (Disc 1)                                                                          |       24 |
|      34 | Chill: Brazil (Disc 2)                                                                          |        6 |
|     301 | Chopin: Piano Concertos Nos. 1 & 2                                                              |      235 |
|      54 | Chronicle, Vol. 1                                                                               |       76 |
|      55 | Chronicle, Vol. 2                                                                               |       76 |
|      27 | Cidade Negra - Hits                                                                             |       19 |
|     128 | Coda                                                                                            |       22 |
|      58 | Come Taste The Band                                                                             |       58 |
|     165 | Compositores                                                                                    |      111 |
|     246 | Contraband                                                                                      |      153 |
|     206 | Core                                                                                            |      134 |
|      25 | Da Lama Ao Caos                                                                                 |       18 |
|      98 | Dance Of Death                                                                                  |       90 |
|     183 | Dark Side Of The Moon                                                                           |      120 |
|      59 | Deep Purple In Rock                                                                             |       58 |
|      78 | Deixa Entrar                                                                                    |       83 |
|     161 | Demorou...                                                                                      |      108 |
|     172 | Diary of a Madman (Remastered)                                                                  |      114 |
|     242 | Diver Down                                                                                      |      152 |
|      69 | Djavan Ao Vivo - Vol. 02                                                                        |       80 |
|      70 | Djavan Ao Vivo - Vol. 1                                                                         |       80 |
|     266 | Duos II                                                                                         |      201 |
|     306 | Elgar: Cello Concerto & Vaughan Williams: Fantasias                                             |      241 |
|      71 | Elis Regina-Minha História                                                                      |       41 |
|     116 | Emergency On Planet Earth                                                                       |       92 |
|     314 | English Renaissance                                                                             |      247 |
|     265 | Every Kind of Light                                                                             |      200 |
|      88 | Faceless                                                                                        |       87 |
|       7 | Facelift                                                                                        |        5 |
|     288 | Fauré: Requiem, Ravel: Pavane & Others                                                          |      222 |
|      99 | Fear Of The Dark                                                                                |       90 |
|      60 | Fireball                                                                                        |       58 |
|       1 | For Those About To Rock We Salute You                                                           |        1 |
|     322 | Frank                                                                                           |      252 |
|     163 | From The Muddy Banks Of The Wishkah [Live]                                                      |      110 |
|      35 | Garage Inc. (Disc 1)                                                                            |       50 |
|     149 | Garage Inc. (Disc 2)                                                                            |       50 |
|     119 | Get Born                                                                                        |       93 |
|     330 | Górecki: Symphony No. 3                                                                         |      260 |
|     286 | Great Opera Choruses                                                                            |      220 |
|     294 | Great Performances - Barber's Adagio and Other Romantic Favorites for Strings                   |      228 |
|     305 | Great Recordings of the Century - Mahler: Das Lied von der Erde                                 |      240 |
|     341 | Great Recordings of the Century - Shubert: Schwanengesang, 4 Lieder                             |      270 |
|     339 | Great Recordings of the Century: Paganini's 24 Caprices                                         |      268 |
|     141 | Greatest Hits                                                                                   |      100 |
|     185 | Greatest Hits I                                                                                 |       51 |
|      36 | Greatest Hits II                                                                                |       51 |
|      37 | Greatest Kiss                                                                                   |       52 |
|     188 | Green                                                                                           |      124 |
|     316 | Grieg: Peer Gynt Suites & Sibelius: Pelléas et Mélisande                                        |      248 |
|     315 | Handel: Music for the Royal Fireworks (Original Version 1749)                                   |      208 |
|     279 | Handel: The Messiah (Highlights)                                                                |      213 |
|     283 | Haydn: Symphonies 99 - 104                                                                      |      217 |
|      38 | Heart of the Night                                                                              |       53 |
|     228 | Heroes, Season 1                                                                                |      148 |
|     292 | Holst: The Planets, Op. 32 & Vaughan Williams: Fantasies                                        |      226 |
|     216 | Hot Rocks, 1964-1971 (Disc 1)                                                                   |      142 |
|     258 | House of Pain                                                                                   |      180 |
|     129 | Houses Of The Holy                                                                              |       22 |
|     235 | How To Dismantle An Atomic Bomb                                                                 |      150 |
|     205 | In Step                                                                                         |      133 |
|     130 | In Through The Out Door                                                                         |       22 |
|      79 | In Your Honor [Disc 1]                                                                          |       84 |
|      80 | In Your Honor [Disc 2]                                                                          |       84 |
|     255 | Instant Karma: The Amnesty International Campaign to Save Darfur                                |      150 |
|      39 | International Superhits                                                                         |       54 |
|      40 | Into The Light                                                                                  |       55 |
|     100 | Iron Maiden                                                                                     |       90 |
|     131 | IV                                                                                              |       22 |
|     335 | J.S. Bach: Chaconne, Suite in E Minor, Partita in E Major & Prelude, Fugue and Allegro          |      265 |
|       6 | Jagged Little Pill                                                                              |        4 |
|     122 | Jorge Ben Jor 25 Anos                                                                           |       46 |
|     123 | Jota Quest-1995                                                                                 |       96 |
|     201 | Judas 0: B-Sides and Rarities                                                                   |      131 |
|     150 | Kill 'Em All                                                                                    |       50 |
|     101 | Killers                                                                                         |       90 |
|      76 | King For A Day Fool For A Lifetime                                                              |       82 |
|      61 | Knocking at Your Back Door: The Best Of Deep Purple in the 80's                                 |       58 |
|     347 | Koyaanisqatsi (Soundtrack from the Motion Picture)                                              |      275 |
|     132 | Led Zeppelin I                                                                                  |       22 |
|     133 | Led Zeppelin II                                                                                 |       22 |
|     134 | Led Zeppelin III                                                                                |       22 |
|       4 | Let There Be Rock                                                                               |        1 |
|     340 | Liszt - 12 Études D'Execution Transcendante                                                     |      269 |
|     102 | Live After Death                                                                                |       90 |
|     103 | Live At Donington 1992 (Disc 1)                                                                 |       90 |
|     104 | Live At Donington 1992 (Disc 2)                                                                 |       90 |
|     178 | Live On Two Legs [Live]                                                                         |      118 |
|     209 | Live [Disc 1]                                                                                   |      137 |
|     210 | Live [Disc 2]                                                                                   |      137 |
|     125 | Living After Midnight                                                                           |       98 |
|     151 | Load                                                                                            |       50 |
|     342 | Locatelli: Concertos for Violin, Strings and Continuo, Vol. 3                                   |      271 |
|     230 | Lost, Season 1                                                                                  |      149 |
|     231 | Lost, Season 2                                                                                  |      149 |
|     229 | Lost, Season 3                                                                                  |      149 |
|     261 | LOST, Season 4                                                                                  |      149 |
|     142 | Lulu Santos - RCA 100 Anos De Música - Álbum 01                                                 |      101 |
|     143 | Lulu Santos - RCA 100 Anos De Música - Álbum 02                                                 |      101 |
|      62 | Machine Head                                                                                    |       58 |
|     140 | Mais Do Mesmo                                                                                   |       99 |
|     199 | Maquinarama                                                                                     |      130 |
|     302 | Mascagni: Cavalleria Rusticana                                                                  |      236 |
|     152 | Master Of Puppets                                                                               |       50 |
|     326 | Mendelssohn: A Midsummer Night's Dream                                                          |      256 |
|      41 | Meus Momentos                                                                                   |       56 |
|     207 | Mezmerize                                                                                       |      135 |
|     157 | Miles Ahead                                                                                     |       68 |
|     158 | Milton Nascimento Ao Vivo                                                                       |       42 |
|     159 | Minas                                                                                           |       42 |
|      23 | Minha Historia                                                                                  |       17 |
|      42 | Minha História                                                                                  |       57 |
|     144 | Misplaced Childhood                                                                             |      102 |
|      43 | MK III The Final Concerts [Disc 1]                                                              |       58 |
|     345 | Monteverdi: L'Orfeo                                                                             |      273 |
|     204 | Morning Dance                                                                                   |       53 |
|     162 | Motley Crue Greatest Hits                                                                       |      109 |
|     317 | Mozart Gala: Famous Arias                                                                       |      249 |
|     346 | Mozart: Chamber Music                                                                           |      274 |
|     320 | Mozart: Symphonies Nos. 40 & 41                                                                 |      248 |
|     282 | Mozart: Wind Concertos                                                                          |      216 |
|     263 | Muso Ko                                                                                         |      198 |
|     221 | My Generation - The Very Best Of The Who                                                        |      144 |
|      83 | My Way: The Best Of Frank Sinatra [Disc 1]                                                      |       85 |
|      28 | Na Pista                                                                                        |       20 |
|     164 | Nevermind                                                                                       |      110 |
|     189 | New Adventures In Hi-Fi                                                                         |      124 |
|     186 | News Of The World                                                                               |       51 |
|     338 | Nielsen: The Six Symphonies                                                                     |      267 |
|     173 | No More Tears (Remastered)                                                                      |      114 |
|     105 | No Prayer For The Dying                                                                         |       90 |
|     217 | No Security                                                                                     |      142 |
|     200 | O Samba Poconé                                                                                  |      130 |
|     166 | Olodum                                                                                          |      112 |
|      81 | One By One                                                                                      |       84 |
|     176 | Original Soundtracks 1                                                                          |      116 |
|     184 | Os Cães Ladram Mas A Caravana Não Pára                                                          |      121 |
|      11 | Out Of Exile                                                                                    |        8 |
|     187 | Out Of Time                                                                                     |      122 |
|      68 | Outbreak                                                                                        |       79 |
|     274 | Pachelbel: Canon & Gigue                                                                        |      208 |
|     309 | Palestrina: Missa Papae Marcelli & Allegri: Miserere                                            |      244 |
|     293 | Pavarotti's Opera Made Easy                                                                     |      227 |
|     179 | Pearl Jam                                                                                       |      118 |
|      44 | Physical Graffiti [Disc 1]                                                                      |       22 |
|     135 | Physical Graffiti [Disc 2]                                                                      |       22 |
|     106 | Piece Of Mind                                                                                   |       90 |
|       9 | Plays Metallica By Four Cellos                                                                  |        7 |
|     236 | Pop                                                                                             |      150 |
|     107 | Powerslave                                                                                      |       90 |
|      21 | Prenda Minha                                                                                    |       16 |
|     136 | Presence                                                                                        |       22 |
|     310 | Prokofiev: Romeo & Juliet                                                                       |      245 |
|     298 | Prokofiev: Symphony No.1                                                                        |      232 |
|     336 | Prokofiev: Symphony No.5 & Stravinksy: Le Sacre Du Printemps                                    |      248 |
|     291 | Puccini: Madama Butterfly - Highlights                                                          |      225 |
|     333 | Purcell: Music for the Queen Mary                                                               |      263 |
|     331 | Purcell: The Fairy Queen                                                                        |      261 |
|     213 | Pure Cult: The Best Of The Cult (For Rockers, Ravers, Lovers & Sinners) [UK]                    |      139 |
|      63 | Purpendicular                                                                                   |       58 |
|      86 | Quanta Gente Veio Ver (Live)                                                                    |       27 |
|      87 | Quanta Gente Veio ver--Bônus De Carnaval                                                        |       27 |
|     262 | Quiet Songs                                                                                     |      197 |
|     259 | Radio Brasil (O Som da Jovem Vanguarda) - Seleccao de Henrique Amaro                            |       36 |
|     237 | Rattle And Hum                                                                                  |      150 |
|     192 | Raul Seixas                                                                                     |      126 |
|     264 | Realize                                                                                         |      199 |
|     153 | ReLoad                                                                                          |       50 |
|     343 | Respighi:Pines of Rome                                                                          |      226 |
|       3 | Restless and Wild                                                                               |        2 |
|     196 | Retrospective I (1974-1980)                                                                     |      128 |
|     271 | Revelations                                                                                     |        8 |
|     154 | Ride The Lightning                                                                              |       50 |
|     180 | Riot Act                                                                                        |      118 |
|     108 | Rock In Rio [CD1]                                                                               |       90 |
|     109 | Rock In Rio [CD2]                                                                               |       90 |
|      84 | Roda De Funk                                                                                    |       86 |
|     202 | Rotten Apples: Greatest Hits                                                                    |      131 |
|      45 | Sambas De Enredo 2001                                                                           |       21 |
|     197 | Santana - As Years Go By                                                                        |       59 |
|     198 | Santana Live                                                                                    |       59 |
|     299 | Scheherazade                                                                                    |      233 |
|     344 | Schubert: The Late String Quartets & String Quintet (3 CD's)                                    |      272 |
|     318 | SCRIABIN: Vers la flamme                                                                        |      250 |
|     146 | Seek And Shall Find: More Of The Best (1963-1981)                                               |      104 |
|     222 | Serie Sem Limite (Disc 1)                                                                       |      145 |
|     223 | Serie Sem Limite (Disc 2)                                                                       |      145 |
|     110 | Seventh Son of a Seventh Son                                                                    |       90 |
|     115 | Sex Machine                                                                                     |       91 |
|     303 | Sibelius: Finlandia                                                                             |      237 |
|     281 | Sir Neville Marriner: A Celebration                                                             |      215 |
|      64 | Slaves And Masters                                                                              |       58 |
|     111 | Somewhere in Time                                                                               |       90 |
|     329 | South American Getaway                                                                          |      259 |
|      22 | Sozinho Remix Ao Vivo                                                                           |       16 |
|     256 | Speak of the Devil                                                                              |      114 |
|     155 | St. Anger                                                                                       |       50 |
|      65 | Stormbringer                                                                                    |       58 |
|     311 | Strauss: Waltzes                                                                                |      226 |
|      46 | Supernatural                                                                                    |       59 |
|     121 | Surfing with the Alien (Remastered)                                                             |       95 |
|     117 | Synkronized                                                                                     |       92 |
|     337 | Szymanowski: Piano Works, Vol. 1                                                                |      266 |
|     219 | Tangents                                                                                        |      143 |
|     308 | Tchaikovsky: 1812 Festival Overture, Op.49, Capriccio Italien & Beethoven: Wellington's Victory |      243 |
|     289 | Tchaikovsky: The Nutcracker                                                                     |      223 |
|     269 | Temple of the Dog                                                                               |      204 |
|     181 | Ten                                                                                             |      118 |
|      66 | The Battle Rages On                                                                             |       58 |
|     177 | The Beast Live                                                                                  |      117 |
|     238 | The Best Of 1980-1990                                                                           |      150 |
|     268 | The Best of Beethoven                                                                           |      203 |
|      13 | The Best Of Billy Cobham                                                                        |       10 |
|      20 | The Best Of Buddy Guy - The Millenium Collection                                                |       15 |
|      47 | The Best of Ed Motta                                                                            |       37 |
|     147 | The Best Of Men At Work                                                                         |      105 |
|     190 | The Best Of R.E.M.: The IRS Years                                                               |      124 |
|     243 | The Best Of Van Halen, Vol. I                                                                   |      152 |
|      82 | The Colour And The Shape                                                                        |       84 |
|      72 | The Cream Of Clapton                                                                            |       81 |
|     214 | The Doors                                                                                       |      140 |
|      48 | The Essential Miles Davis [Disc 1]                                                              |       68 |
|      49 | The Essential Miles Davis [Disc 2]                                                              |       68 |
|      50 | The Final Concerts (Disc 2)                                                                     |       58 |
|     290 | The Last Night of the Proms                                                                     |      224 |
|     112 | The Number of The Beast                                                                         |       90 |
|     249 | The Office, Season 1                                                                            |      156 |
|     250 | The Office, Season 2                                                                            |      156 |
|     251 | The Office, Season 3                                                                            |      156 |
|     215 | The Police Greatest Hits                                                                        |      141 |
|      77 | The Real Thing                                                                                  |       82 |
|     118 | The Return Of The Space Cowboy                                                                  |       92 |
|     211 | The Singles                                                                                     |      138 |
|     137 | The Song Remains The Same (Disc 1)                                                              |       22 |
|     138 | The Song Remains The Same (Disc 2)                                                              |       22 |
|     332 | The Ultimate Relexation Album                                                                   |      262 |
|     280 | The World of Classical Favourites                                                               |      214 |
|     113 | The X Factor                                                                                    |       90 |
|     220 | Transmission                                                                                    |      143 |
|     174 | Tribute                                                                                         |      114 |
|     241 | UB40 The Best Of - Volume Two [UK]                                                              |      151 |
|     252 | Un-Led-Ed                                                                                       |      157 |
|      73 | Unplugged                                                                                       |       81 |
|     126 | Unplugged [Live]                                                                                |       52 |
|      51 | Up An' Atom                                                                                     |       69 |
|      91 | Use Your Illusion I                                                                             |       88 |
|      92 | Use Your Illusion II                                                                            |       88 |
|     244 | Van Halen                                                                                       |      152 |
|     245 | Van Halen III                                                                                   |      152 |
|      67 | Vault: Def Leppard's Greatest Hits                                                              |       78 |
|     247 | Vinicius De Moraes                                                                              |       72 |
|      52 | Vinícius De Moraes - Sem Limite                                                                 |       70 |
|     114 | Virtual XI                                                                                      |       90 |
|     275 | Vivaldi: The Four Seasons                                                                       |      209 |
|     225 | Volume Dois                                                                                     |      146 |
|     218 | Voodoo Lounge                                                                                   |      142 |
|      53 | Vozes do MPB                                                                                    |       21 |
|     182 | Vs.                                                                                             |      118 |
|     287 | Wagner: Favourite Overtures                                                                     |      221 |
|     175 | Walking Into Clarksdale                                                                         |      115 |
|     239 | War                                                                                             |      150 |
|       8 | Warner 25 Anos                                                                                  |        6 |
|     334 | Weill: The Seven Deadly Sins                                                                    |      264 |
|     267 | Worlds                                                                                          |      202 |
|     240 | Zooropa                                                                                         |      150 |
|     208 | [1997] Black Light Syndrome                                                                     |      136 |
+---------+-------------------------------------------------------------------------------------------------+----------+
347 rows in set (0.00 sec)

mysql> SELECT InvoiceDate, BillingCity, Total FROM 
    -> SELECT InvoiceDate, BillingCity, Total FROM;
ERROR 1064 (42000): You have an error in your SQL syntax; check the manual that corresponds to your MySQL server version for the right syntax to use near 'SELECT InvoiceDate, BillingCity, Total FROM' at line 2
mysql> SELECT InvoiceDate, BillingCity, Total FROM  SELECT InvoiceDate, BillingCity, Total FROM Invoice
    -> ORDER BY Total desc
    -> LIMIT 5;
ERROR 1064 (42000): You have an error in your SQL syntax; check the manual that corresponds to your MySQL server version for the right syntax to use near 'SELECT InvoiceDate, BillingCity, Total FROM Invoice
ORDER BY Total desc
LIMIT 5' at line 1
mysql> SELECT  InvoiceDate, BillingAddress, Total FROM Invoices 
    -> ORDER BY InvoiceDate desc;
ERROR 1146 (42S02): Table 'Chinook.Invoices' doesn't exist
mysql> SELECT  InvoiceDate, BillingAddress, Total FROM Invoices  ORDER BY InvoiceDate desc
    -> SELECT  InvoiceDate, BillingAddress, Total FROM Invoices  ORDER BY InvoiceDate desc:
    -> SELECT  InvoiceDate, BillingAddress, Total FROM Invoices  ORDER BY InvoiceDate desc:;
ERROR 1064 (42000): You have an error in your SQL syntax; check the manual that corresponds to your MySQL server version for the right syntax to use near 'SELECT  InvoiceDate, BillingAddress, Total FROM Invoices  ORDER BY InvoiceDate d' at line 2
mysql> SELECT  InvoiceDate, BillingAddress, Total FROM Invoices
    -> ORDER BY InvoiceDate desc;
ERROR 1146 (42S02): Table 'Chinook.Invoices' doesn't exist
mysql> select * from Invoice
    -> ;
+-----------+------------+---------------------+-------------------------------------------+-----------------------+--------------+----------------+-------------------+-------+
| InvoiceId | CustomerId | InvoiceDate         | BillingAddress                            | BillingCity           | BillingState | BillingCountry | BillingPostalCode | Total |
+-----------+------------+---------------------+-------------------------------------------+-----------------------+--------------+----------------+-------------------+-------+
|         1 |          2 | 2009-01-01 00:00:00 | Theodor-Heuss-Straße 34                   | Stuttgart             | NULL         | Germany        | 70174             |  1.98 |
|         2 |          4 | 2009-01-02 00:00:00 | Ullevålsveien 14                          | Oslo                  | NULL         | Norway         | 0171              |  3.96 |
|         3 |          8 | 2009-01-03 00:00:00 | Grétrystraat 63                           | Brussels              | NULL         | Belgium        | 1000              |  5.94 |
|         4 |         14 | 2009-01-06 00:00:00 | 8210 111 ST NW                            | Edmonton              | AB           | Canada         | T6G 2C7           |  8.91 |
|         5 |         23 | 2009-01-11 00:00:00 | 69 Salem Street                           | Boston                | MA           | USA            | 2113              | 13.86 |
|         6 |         37 | 2009-01-19 00:00:00 | Berger Straße 10                          | Frankfurt             | NULL         | Germany        | 60316             |  0.99 |
|         7 |         38 | 2009-02-01 00:00:00 | Barbarossastraße 19                       | Berlin                | NULL         | Germany        | 10779             |  1.98 |
|         8 |         40 | 2009-02-01 00:00:00 | 8, Rue Hanovre                            | Paris                 | NULL         | France         | 75002             |  1.98 |
|         9 |         42 | 2009-02-02 00:00:00 | 9, Place Louis Barthou                    | Bordeaux              | NULL         | France         | 33000             |  3.96 |
|        10 |         46 | 2009-02-03 00:00:00 | 3 Chatham Street                          | Dublin                | Dublin       | Ireland        | NULL              |  5.94 |
|        11 |         52 | 2009-02-06 00:00:00 | 202 Hoxton Street                         | London                | NULL         | United Kingdom | N1 5LH            |  8.91 |
|        12 |          2 | 2009-02-11 00:00:00 | Theodor-Heuss-Straße 34                   | Stuttgart             | NULL         | Germany        | 70174             | 13.86 |
|        13 |         16 | 2009-02-19 00:00:00 | 1600 Amphitheatre Parkway                 | Mountain View         | CA           | USA            | 94043-1351        |  0.99 |
|        14 |         17 | 2009-03-04 00:00:00 | 1 Microsoft Way                           | Redmond               | WA           | USA            | 98052-8300        |  1.98 |
|        15 |         19 | 2009-03-04 00:00:00 | 1 Infinite Loop                           | Cupertino             | CA           | USA            | 95014             |  1.98 |
|        16 |         21 | 2009-03-05 00:00:00 | 801 W 4th Street                          | Reno                  | NV           | USA            | 89503             |  3.96 |
|        17 |         25 | 2009-03-06 00:00:00 | 319 N. Frances Street                     | Madison               | WI           | USA            | 53703             |  5.94 |
|        18 |         31 | 2009-03-09 00:00:00 | 194A Chain Lake Drive                     | Halifax               | NS           | Canada         | B3S 1C5           |  8.91 |
|        19 |         40 | 2009-03-14 00:00:00 | 8, Rue Hanovre                            | Paris                 | NULL         | France         | 75002             | 13.86 |
|        20 |         54 | 2009-03-22 00:00:00 | 110 Raeburn Pl                            | Edinburgh             | NULL         | United Kingdom | EH4 1HH           |  0.99 |
|        21 |         55 | 2009-04-04 00:00:00 | 421 Bourke Street                         | Sidney                | NSW          | Australia      | 2010              |  1.98 |
|        22 |         57 | 2009-04-04 00:00:00 | Calle Lira, 198                           | Santiago              | NULL         | Chile          | NULL              |  1.98 |
|        23 |         59 | 2009-04-05 00:00:00 | 3,Raj Bhavan Road                         | Bangalore             | NULL         | India          | 560001            |  3.96 |
|        24 |          4 | 2009-04-06 00:00:00 | Ullevålsveien 14                          | Oslo                  | NULL         | Norway         | 0171              |  5.94 |
|        25 |         10 | 2009-04-09 00:00:00 | Rua Dr. Falcão Filho, 155                 | São Paulo             | SP           | Brazil         | 01007-010         |  8.91 |
|        26 |         19 | 2009-04-14 00:00:00 | 1 Infinite Loop                           | Cupertino             | CA           | USA            | 95014             | 13.86 |
|        27 |         33 | 2009-04-22 00:00:00 | 5112 48 Street                            | Yellowknife           | NT           | Canada         | X1A 1N6           |  0.99 |
|        28 |         34 | 2009-05-05 00:00:00 | Rua da Assunção 53                        | Lisbon                | NULL         | Portugal       | NULL              |  1.98 |
|        29 |         36 | 2009-05-05 00:00:00 | Tauentzienstraße 8                        | Berlin                | NULL         | Germany        | 10789             |  1.98 |
|        30 |         38 | 2009-05-06 00:00:00 | Barbarossastraße 19                       | Berlin                | NULL         | Germany        | 10779             |  3.96 |
|        31 |         42 | 2009-05-07 00:00:00 | 9, Place Louis Barthou                    | Bordeaux              | NULL         | France         | 33000             |  5.94 |
|        32 |         48 | 2009-05-10 00:00:00 | Lijnbaansgracht 120bg                     | Amsterdam             | VV           | Netherlands    | 1016              |  8.91 |
|        33 |         57 | 2009-05-15 00:00:00 | Calle Lira, 198                           | Santiago              | NULL         | Chile          | NULL              | 13.86 |
|        34 |         12 | 2009-05-23 00:00:00 | Praça Pio X, 119                          | Rio de Janeiro        | RJ           | Brazil         | 20040-020         |  0.99 |
|        35 |         13 | 2009-06-05 00:00:00 | Qe 7 Bloco G                              | Brasília              | DF           | Brazil         | 71020-677         |  1.98 |
|        36 |         15 | 2009-06-05 00:00:00 | 700 W Pender Street                       | Vancouver             | BC           | Canada         | V6C 1G8           |  1.98 |
|        37 |         17 | 2009-06-06 00:00:00 | 1 Microsoft Way                           | Redmond               | WA           | USA            | 98052-8300        |  3.96 |
|        38 |         21 | 2009-06-07 00:00:00 | 801 W 4th Street                          | Reno                  | NV           | USA            | 89503             |  5.94 |
|        39 |         27 | 2009-06-10 00:00:00 | 1033 N Park Ave                           | Tucson                | AZ           | USA            | 85719             |  8.91 |
|        40 |         36 | 2009-06-15 00:00:00 | Tauentzienstraße 8                        | Berlin                | NULL         | Germany        | 10789             | 13.86 |
|        41 |         50 | 2009-06-23 00:00:00 | C/ San Bernardo 85                        | Madrid                | NULL         | Spain          | 28015             |  0.99 |
|        42 |         51 | 2009-07-06 00:00:00 | Celsiusg. 9                               | Stockholm             | NULL         | Sweden         | 11230             |  1.98 |
|        43 |         53 | 2009-07-06 00:00:00 | 113 Lupus St                              | London                | NULL         | United Kingdom | SW1V 3EN          |  1.98 |
|        44 |         55 | 2009-07-07 00:00:00 | 421 Bourke Street                         | Sidney                | NSW          | Australia      | 2010              |  3.96 |
|        45 |         59 | 2009-07-08 00:00:00 | 3,Raj Bhavan Road                         | Bangalore             | NULL         | India          | 560001            |  5.94 |
|        46 |          6 | 2009-07-11 00:00:00 | Rilská 3174/6                             | Prague                | NULL         | Czech Republic | 14300             |  8.91 |
|        47 |         15 | 2009-07-16 00:00:00 | 700 W Pender Street                       | Vancouver             | BC           | Canada         | V6C 1G8           | 13.86 |
|        48 |         29 | 2009-07-24 00:00:00 | 796 Dundas Street West                    | Toronto               | ON           | Canada         | M6J 1V1           |  0.99 |
|        49 |         30 | 2009-08-06 00:00:00 | 230 Elgin Street                          | Ottawa                | ON           | Canada         | K2P 1L7           |  1.98 |
|        50 |         32 | 2009-08-06 00:00:00 | 696 Osborne Street                        | Winnipeg              | MB           | Canada         | R3L 2B9           |  1.98 |
|        51 |         34 | 2009-08-07 00:00:00 | Rua da Assunção 53                        | Lisbon                | NULL         | Portugal       | NULL              |  3.96 |
|        52 |         38 | 2009-08-08 00:00:00 | Barbarossastraße 19                       | Berlin                | NULL         | Germany        | 10779             |  5.94 |
|        53 |         44 | 2009-08-11 00:00:00 | Porthaninkatu 9                           | Helsinki              | NULL         | Finland        | 00530             |  8.91 |
|        54 |         53 | 2009-08-16 00:00:00 | 113 Lupus St                              | London                | NULL         | United Kingdom | SW1V 3EN          | 13.86 |
|        55 |          8 | 2009-08-24 00:00:00 | Grétrystraat 63                           | Brussels              | NULL         | Belgium        | 1000              |  0.99 |
|        56 |          9 | 2009-09-06 00:00:00 | Sønder Boulevard 51                       | Copenhagen            | NULL         | Denmark        | 1720              |  1.98 |
|        57 |         11 | 2009-09-06 00:00:00 | Av. Paulista, 2022                        | São Paulo             | SP           | Brazil         | 01310-200         |  1.98 |
|        58 |         13 | 2009-09-07 00:00:00 | Qe 7 Bloco G                              | Brasília              | DF           | Brazil         | 71020-677         |  3.96 |
|        59 |         17 | 2009-09-08 00:00:00 | 1 Microsoft Way                           | Redmond               | WA           | USA            | 98052-8300        |  5.94 |
|        60 |         23 | 2009-09-11 00:00:00 | 69 Salem Street                           | Boston                | MA           | USA            | 2113              |  8.91 |
|        61 |         32 | 2009-09-16 00:00:00 | 696 Osborne Street                        | Winnipeg              | MB           | Canada         | R3L 2B9           | 13.86 |
|        62 |         46 | 2009-09-24 00:00:00 | 3 Chatham Street                          | Dublin                | Dublin       | Ireland        | NULL              |  0.99 |
|        63 |         47 | 2009-10-07 00:00:00 | Via Degli Scipioni, 43                    | Rome                  | RM           | Italy          | 00192             |  1.98 |
|        64 |         49 | 2009-10-07 00:00:00 | Ordynacka 10                              | Warsaw                | NULL         | Poland         | 00-358            |  1.98 |
|        65 |         51 | 2009-10-08 00:00:00 | Celsiusg. 9                               | Stockholm             | NULL         | Sweden         | 11230             |  3.96 |
|        66 |         55 | 2009-10-09 00:00:00 | 421 Bourke Street                         | Sidney                | NSW          | Australia      | 2010              |  5.94 |
|        67 |          2 | 2009-10-12 00:00:00 | Theodor-Heuss-Straße 34                   | Stuttgart             | NULL         | Germany        | 70174             |  8.91 |
|        68 |         11 | 2009-10-17 00:00:00 | Av. Paulista, 2022                        | São Paulo             | SP           | Brazil         | 01310-200         | 13.86 |
|        69 |         25 | 2009-10-25 00:00:00 | 319 N. Frances Street                     | Madison               | WI           | USA            | 53703             |  0.99 |
|        70 |         26 | 2009-11-07 00:00:00 | 2211 W Berry Street                       | Fort Worth            | TX           | USA            | 76110             |  1.98 |
|        71 |         28 | 2009-11-07 00:00:00 | 302 S 700 E                               | Salt Lake City        | UT           | USA            | 84102             |  1.98 |
|        72 |         30 | 2009-11-08 00:00:00 | 230 Elgin Street                          | Ottawa                | ON           | Canada         | K2P 1L7           |  3.96 |
|        73 |         34 | 2009-11-09 00:00:00 | Rua da Assunção 53                        | Lisbon                | NULL         | Portugal       | NULL              |  5.94 |
|        74 |         40 | 2009-11-12 00:00:00 | 8, Rue Hanovre                            | Paris                 | NULL         | France         | 75002             |  8.91 |
|        75 |         49 | 2009-11-17 00:00:00 | Ordynacka 10                              | Warsaw                | NULL         | Poland         | 00-358            | 13.86 |
|        76 |          4 | 2009-11-25 00:00:00 | Ullevålsveien 14                          | Oslo                  | NULL         | Norway         | 0171              |  0.99 |
|        77 |          5 | 2009-12-08 00:00:00 | Klanova 9/506                             | Prague                | NULL         | Czech Republic | 14700             |  1.98 |
|        78 |          7 | 2009-12-08 00:00:00 | Rotenturmstraße 4, 1010 Innere Stadt      | Vienne                | NULL         | Austria        | 1010              |  1.98 |
|        79 |          9 | 2009-12-09 00:00:00 | Sønder Boulevard 51                       | Copenhagen            | NULL         | Denmark        | 1720              |  3.96 |
|        80 |         13 | 2009-12-10 00:00:00 | Qe 7 Bloco G                              | Brasília              | DF           | Brazil         | 71020-677         |  5.94 |
|        81 |         19 | 2009-12-13 00:00:00 | 1 Infinite Loop                           | Cupertino             | CA           | USA            | 95014             |  8.91 |
|        82 |         28 | 2009-12-18 00:00:00 | 302 S 700 E                               | Salt Lake City        | UT           | USA            | 84102             | 13.86 |
|        83 |         42 | 2009-12-26 00:00:00 | 9, Place Louis Barthou                    | Bordeaux              | NULL         | France         | 33000             |  0.99 |
|        84 |         43 | 2010-01-08 00:00:00 | 68, Rue Jouvence                          | Dijon                 | NULL         | France         | 21000             |  1.98 |
|        85 |         45 | 2010-01-08 00:00:00 | Erzsébet krt. 58.                         | Budapest              | NULL         | Hungary        | H-1073            |  1.98 |
|        86 |         47 | 2010-01-09 00:00:00 | Via Degli Scipioni, 43                    | Rome                  | RM           | Italy          | 00192             |  3.96 |
|        87 |         51 | 2010-01-10 00:00:00 | Celsiusg. 9                               | Stockholm             | NULL         | Sweden         | 11230             |  6.94 |
|        88 |         57 | 2010-01-13 00:00:00 | Calle Lira, 198                           | Santiago              | NULL         | Chile          | NULL              | 17.91 |
|        89 |          7 | 2010-01-18 00:00:00 | Rotenturmstraße 4, 1010 Innere Stadt      | Vienne                | NULL         | Austria        | 1010              | 18.86 |
|        90 |         21 | 2010-01-26 00:00:00 | 801 W 4th Street                          | Reno                  | NV           | USA            | 89503             |  0.99 |
|        91 |         22 | 2010-02-08 00:00:00 | 120 S Orange Ave                          | Orlando               | FL           | USA            | 32801             |  1.98 |
|        92 |         24 | 2010-02-08 00:00:00 | 162 E Superior Street                     | Chicago               | IL           | USA            | 60611             |  1.98 |
|        93 |         26 | 2010-02-09 00:00:00 | 2211 W Berry Street                       | Fort Worth            | TX           | USA            | 76110             |  3.96 |
|        94 |         30 | 2010-02-10 00:00:00 | 230 Elgin Street                          | Ottawa                | ON           | Canada         | K2P 1L7           |  5.94 |
|        95 |         36 | 2010-02-13 00:00:00 | Tauentzienstraße 8                        | Berlin                | NULL         | Germany        | 10789             |  8.91 |
|        96 |         45 | 2010-02-18 00:00:00 | Erzsébet krt. 58.                         | Budapest              | NULL         | Hungary        | H-1073            | 21.86 |
|        97 |         59 | 2010-02-26 00:00:00 | 3,Raj Bhavan Road                         | Bangalore             | NULL         | India          | 560001            |  1.99 |
|        98 |          1 | 2010-03-11 00:00:00 | Av. Brigadeiro Faria Lima, 2170           | São José dos Campos   | SP           | Brazil         | 12227-000         |  3.98 |
|        99 |          3 | 2010-03-11 00:00:00 | 1498 rue Bélanger                         | Montréal              | QC           | Canada         | H2G 1A7           |  3.98 |
|       100 |          5 | 2010-03-12 00:00:00 | Klanova 9/506                             | Prague                | NULL         | Czech Republic | 14700             |  3.96 |
|       101 |          9 | 2010-03-13 00:00:00 | Sønder Boulevard 51                       | Copenhagen            | NULL         | Denmark        | 1720              |  5.94 |
|       102 |         15 | 2010-03-16 00:00:00 | 700 W Pender Street                       | Vancouver             | BC           | Canada         | V6C 1G8           |  9.91 |
|       103 |         24 | 2010-03-21 00:00:00 | 162 E Superior Street                     | Chicago               | IL           | USA            | 60611             | 15.86 |
|       104 |         38 | 2010-03-29 00:00:00 | Barbarossastraße 19                       | Berlin                | NULL         | Germany        | 10779             |  0.99 |
|       105 |         39 | 2010-04-11 00:00:00 | 4, Rue Milton                             | Paris                 | NULL         | France         | 75009             |  1.98 |
|       106 |         41 | 2010-04-11 00:00:00 | 11, Place Bellecour                       | Lyon                  | NULL         | France         | 69002             |  1.98 |
|       107 |         43 | 2010-04-12 00:00:00 | 68, Rue Jouvence                          | Dijon                 | NULL         | France         | 21000             |  3.96 |
|       108 |         47 | 2010-04-13 00:00:00 | Via Degli Scipioni, 43                    | Rome                  | RM           | Italy          | 00192             |  5.94 |
|       109 |         53 | 2010-04-16 00:00:00 | 113 Lupus St                              | London                | NULL         | United Kingdom | SW1V 3EN          |  8.91 |
|       110 |          3 | 2010-04-21 00:00:00 | 1498 rue Bélanger                         | Montréal              | QC           | Canada         | H2G 1A7           | 13.86 |
|       111 |         17 | 2010-04-29 00:00:00 | 1 Microsoft Way                           | Redmond               | WA           | USA            | 98052-8300        |  0.99 |
|       112 |         18 | 2010-05-12 00:00:00 | 627 Broadway                              | New York              | NY           | USA            | 10012-2612        |  1.98 |
|       113 |         20 | 2010-05-12 00:00:00 | 541 Del Medio Avenue                      | Mountain View         | CA           | USA            | 94040-111         |  1.98 |
|       114 |         22 | 2010-05-13 00:00:00 | 120 S Orange Ave                          | Orlando               | FL           | USA            | 32801             |  3.96 |
|       115 |         26 | 2010-05-14 00:00:00 | 2211 W Berry Street                       | Fort Worth            | TX           | USA            | 76110             |  5.94 |
|       116 |         32 | 2010-05-17 00:00:00 | 696 Osborne Street                        | Winnipeg              | MB           | Canada         | R3L 2B9           |  8.91 |
|       117 |         41 | 2010-05-22 00:00:00 | 11, Place Bellecour                       | Lyon                  | NULL         | France         | 69002             | 13.86 |
|       118 |         55 | 2010-05-30 00:00:00 | 421 Bourke Street                         | Sidney                | NSW          | Australia      | 2010              |  0.99 |
|       119 |         56 | 2010-06-12 00:00:00 | 307 Macacha Güemes                        | Buenos Aires          | NULL         | Argentina      | 1106              |  1.98 |
|       120 |         58 | 2010-06-12 00:00:00 | 12,Community Centre                       | Delhi                 | NULL         | India          | 110017            |  1.98 |
|       121 |          1 | 2010-06-13 00:00:00 | Av. Brigadeiro Faria Lima, 2170           | São José dos Campos   | SP           | Brazil         | 12227-000         |  3.96 |
|       122 |          5 | 2010-06-14 00:00:00 | Klanova 9/506                             | Prague                | NULL         | Czech Republic | 14700             |  5.94 |
|       123 |         11 | 2010-06-17 00:00:00 | Av. Paulista, 2022                        | São Paulo             | SP           | Brazil         | 01310-200         |  8.91 |
|       124 |         20 | 2010-06-22 00:00:00 | 541 Del Medio Avenue                      | Mountain View         | CA           | USA            | 94040-111         | 13.86 |
|       125 |         34 | 2010-06-30 00:00:00 | Rua da Assunção 53                        | Lisbon                | NULL         | Portugal       | NULL              |  0.99 |
|       126 |         35 | 2010-07-13 00:00:00 | Rua dos Campeões Europeus de Viena, 4350  | Porto                 | NULL         | Portugal       | NULL              |  1.98 |
|       127 |         37 | 2010-07-13 00:00:00 | Berger Straße 10                          | Frankfurt             | NULL         | Germany        | 60316             |  1.98 |
|       128 |         39 | 2010-07-14 00:00:00 | 4, Rue Milton                             | Paris                 | NULL         | France         | 75009             |  3.96 |
|       129 |         43 | 2010-07-15 00:00:00 | 68, Rue Jouvence                          | Dijon                 | NULL         | France         | 21000             |  5.94 |
|       130 |         49 | 2010-07-18 00:00:00 | Ordynacka 10                              | Warsaw                | NULL         | Poland         | 00-358            |  8.91 |
|       131 |         58 | 2010-07-23 00:00:00 | 12,Community Centre                       | Delhi                 | NULL         | India          | 110017            | 13.86 |
|       132 |         13 | 2010-07-31 00:00:00 | Qe 7 Bloco G                              | Brasília              | DF           | Brazil         | 71020-677         |  0.99 |
|       133 |         14 | 2010-08-13 00:00:00 | 8210 111 ST NW                            | Edmonton              | AB           | Canada         | T6G 2C7           |  1.98 |
|       134 |         16 | 2010-08-13 00:00:00 | 1600 Amphitheatre Parkway                 | Mountain View         | CA           | USA            | 94043-1351        |  1.98 |
|       135 |         18 | 2010-08-14 00:00:00 | 627 Broadway                              | New York              | NY           | USA            | 10012-2612        |  3.96 |
|       136 |         22 | 2010-08-15 00:00:00 | 120 S Orange Ave                          | Orlando               | FL           | USA            | 32801             |  5.94 |
|       137 |         28 | 2010-08-18 00:00:00 | 302 S 700 E                               | Salt Lake City        | UT           | USA            | 84102             |  8.91 |
|       138 |         37 | 2010-08-23 00:00:00 | Berger Straße 10                          | Frankfurt             | NULL         | Germany        | 60316             | 13.86 |
|       139 |         51 | 2010-08-31 00:00:00 | Celsiusg. 9                               | Stockholm             | NULL         | Sweden         | 11230             |  0.99 |
|       140 |         52 | 2010-09-13 00:00:00 | 202 Hoxton Street                         | London                | NULL         | United Kingdom | N1 5LH            |  1.98 |
|       141 |         54 | 2010-09-13 00:00:00 | 110 Raeburn Pl                            | Edinburgh             | NULL         | United Kingdom | EH4 1HH           |  1.98 |
|       142 |         56 | 2010-09-14 00:00:00 | 307 Macacha Güemes                        | Buenos Aires          | NULL         | Argentina      | 1106              |  3.96 |
|       143 |          1 | 2010-09-15 00:00:00 | Av. Brigadeiro Faria Lima, 2170           | São José dos Campos   | SP           | Brazil         | 12227-000         |  5.94 |
|       144 |          7 | 2010-09-18 00:00:00 | Rotenturmstraße 4, 1010 Innere Stadt      | Vienne                | NULL         | Austria        | 1010              |  8.91 |
|       145 |         16 | 2010-09-23 00:00:00 | 1600 Amphitheatre Parkway                 | Mountain View         | CA           | USA            | 94043-1351        | 13.86 |
|       146 |         30 | 2010-10-01 00:00:00 | 230 Elgin Street                          | Ottawa                | ON           | Canada         | K2P 1L7           |  0.99 |
|       147 |         31 | 2010-10-14 00:00:00 | 194A Chain Lake Drive                     | Halifax               | NS           | Canada         | B3S 1C5           |  1.98 |
|       148 |         33 | 2010-10-14 00:00:00 | 5112 48 Street                            | Yellowknife           | NT           | Canada         | X1A 1N6           |  1.98 |
|       149 |         35 | 2010-10-15 00:00:00 | Rua dos Campeões Europeus de Viena, 4350  | Porto                 | NULL         | Portugal       | NULL              |  3.96 |
|       150 |         39 | 2010-10-16 00:00:00 | 4, Rue Milton                             | Paris                 | NULL         | France         | 75009             |  5.94 |
|       151 |         45 | 2010-10-19 00:00:00 | Erzsébet krt. 58.                         | Budapest              | NULL         | Hungary        | H-1073            |  8.91 |
|       152 |         54 | 2010-10-24 00:00:00 | 110 Raeburn Pl                            | Edinburgh             | NULL         | United Kingdom | EH4 1HH           | 13.86 |
|       153 |          9 | 2010-11-01 00:00:00 | Sønder Boulevard 51                       | Copenhagen            | NULL         | Denmark        | 1720              |  0.99 |
|       154 |         10 | 2010-11-14 00:00:00 | Rua Dr. Falcão Filho, 155                 | São Paulo             | SP           | Brazil         | 01007-010         |  1.98 |
|       155 |         12 | 2010-11-14 00:00:00 | Praça Pio X, 119                          | Rio de Janeiro        | RJ           | Brazil         | 20040-020         |  1.98 |
|       156 |         14 | 2010-11-15 00:00:00 | 8210 111 ST NW                            | Edmonton              | AB           | Canada         | T6G 2C7           |  3.96 |
|       157 |         18 | 2010-11-16 00:00:00 | 627 Broadway                              | New York              | NY           | USA            | 10012-2612        |  5.94 |
|       158 |         24 | 2010-11-19 00:00:00 | 162 E Superior Street                     | Chicago               | IL           | USA            | 60611             |  8.91 |
|       159 |         33 | 2010-11-24 00:00:00 | 5112 48 Street                            | Yellowknife           | NT           | Canada         | X1A 1N6           | 13.86 |
|       160 |         47 | 2010-12-02 00:00:00 | Via Degli Scipioni, 43                    | Rome                  | RM           | Italy          | 00192             |  0.99 |
|       161 |         48 | 2010-12-15 00:00:00 | Lijnbaansgracht 120bg                     | Amsterdam             | VV           | Netherlands    | 1016              |  1.98 |
|       162 |         50 | 2010-12-15 00:00:00 | C/ San Bernardo 85                        | Madrid                | NULL         | Spain          | 28015             |  1.98 |
|       163 |         52 | 2010-12-16 00:00:00 | 202 Hoxton Street                         | London                | NULL         | United Kingdom | N1 5LH            |  3.96 |
|       164 |         56 | 2010-12-17 00:00:00 | 307 Macacha Güemes                        | Buenos Aires          | NULL         | Argentina      | 1106              |  5.94 |
|       165 |          3 | 2010-12-20 00:00:00 | 1498 rue Bélanger                         | Montréal              | QC           | Canada         | H2G 1A7           |  8.91 |
|       166 |         12 | 2010-12-25 00:00:00 | Praça Pio X, 119                          | Rio de Janeiro        | RJ           | Brazil         | 20040-020         | 13.86 |
|       167 |         26 | 2011-01-02 00:00:00 | 2211 W Berry Street                       | Fort Worth            | TX           | USA            | 76110             |  0.99 |
|       168 |         27 | 2011-01-15 00:00:00 | 1033 N Park Ave                           | Tucson                | AZ           | USA            | 85719             |  1.98 |
|       169 |         29 | 2011-01-15 00:00:00 | 796 Dundas Street West                    | Toronto               | ON           | Canada         | M6J 1V1           |  1.98 |
|       170 |         31 | 2011-01-16 00:00:00 | 194A Chain Lake Drive                     | Halifax               | NS           | Canada         | B3S 1C5           |  3.96 |
|       171 |         35 | 2011-01-17 00:00:00 | Rua dos Campeões Europeus de Viena, 4350  | Porto                 | NULL         | Portugal       | NULL              |  5.94 |
|       172 |         41 | 2011-01-20 00:00:00 | 11, Place Bellecour                       | Lyon                  | NULL         | France         | 69002             |  8.91 |
|       173 |         50 | 2011-01-25 00:00:00 | C/ San Bernardo 85                        | Madrid                | NULL         | Spain          | 28015             | 13.86 |
|       174 |          5 | 2011-02-02 00:00:00 | Klanova 9/506                             | Prague                | NULL         | Czech Republic | 14700             |  0.99 |
|       175 |          6 | 2011-02-15 00:00:00 | Rilská 3174/6                             | Prague                | NULL         | Czech Republic | 14300             |  1.98 |
|       176 |          8 | 2011-02-15 00:00:00 | Grétrystraat 63                           | Brussels              | NULL         | Belgium        | 1000              |  1.98 |
|       177 |         10 | 2011-02-16 00:00:00 | Rua Dr. Falcão Filho, 155                 | São Paulo             | SP           | Brazil         | 01007-010         |  3.96 |
|       178 |         14 | 2011-02-17 00:00:00 | 8210 111 ST NW                            | Edmonton              | AB           | Canada         | T6G 2C7           |  5.94 |
|       179 |         20 | 2011-02-20 00:00:00 | 541 Del Medio Avenue                      | Mountain View         | CA           | USA            | 94040-111         |  8.91 |
|       180 |         29 | 2011-02-25 00:00:00 | 796 Dundas Street West                    | Toronto               | ON           | Canada         | M6J 1V1           | 13.86 |
|       181 |         43 | 2011-03-05 00:00:00 | 68, Rue Jouvence                          | Dijon                 | NULL         | France         | 21000             |  0.99 |
|       182 |         44 | 2011-03-18 00:00:00 | Porthaninkatu 9                           | Helsinki              | NULL         | Finland        | 00530             |  1.98 |
|       183 |         46 | 2011-03-18 00:00:00 | 3 Chatham Street                          | Dublin                | Dublin       | Ireland        | NULL              |  1.98 |
|       184 |         48 | 2011-03-19 00:00:00 | Lijnbaansgracht 120bg                     | Amsterdam             | VV           | Netherlands    | 1016              |  3.96 |
|       185 |         52 | 2011-03-20 00:00:00 | 202 Hoxton Street                         | London                | NULL         | United Kingdom | N1 5LH            |  5.94 |
|       186 |         58 | 2011-03-23 00:00:00 | 12,Community Centre                       | Delhi                 | NULL         | India          | 110017            |  8.91 |
|       187 |          8 | 2011-03-28 00:00:00 | Grétrystraat 63                           | Brussels              | NULL         | Belgium        | 1000              | 13.86 |
|       188 |         22 | 2011-04-05 00:00:00 | 120 S Orange Ave                          | Orlando               | FL           | USA            | 32801             |  0.99 |
|       189 |         23 | 2011-04-18 00:00:00 | 69 Salem Street                           | Boston                | MA           | USA            | 2113              |  1.98 |
|       190 |         25 | 2011-04-18 00:00:00 | 319 N. Frances Street                     | Madison               | WI           | USA            | 53703             |  1.98 |
|       191 |         27 | 2011-04-19 00:00:00 | 1033 N Park Ave                           | Tucson                | AZ           | USA            | 85719             |  3.96 |
|       192 |         31 | 2011-04-20 00:00:00 | 194A Chain Lake Drive                     | Halifax               | NS           | Canada         | B3S 1C5           |  5.94 |
|       193 |         37 | 2011-04-23 00:00:00 | Berger Straße 10                          | Frankfurt             | NULL         | Germany        | 60316             | 14.91 |
|       194 |         46 | 2011-04-28 00:00:00 | 3 Chatham Street                          | Dublin                | Dublin       | Ireland        | NULL              | 21.86 |
|       195 |          1 | 2011-05-06 00:00:00 | Av. Brigadeiro Faria Lima, 2170           | São José dos Campos   | SP           | Brazil         | 12227-000         |  0.99 |
|       196 |          2 | 2011-05-19 00:00:00 | Theodor-Heuss-Straße 34                   | Stuttgart             | NULL         | Germany        | 70174             |  1.98 |
|       197 |          4 | 2011-05-19 00:00:00 | Ullevålsveien 14                          | Oslo                  | NULL         | Norway         | 0171              |  1.98 |
|       198 |          6 | 2011-05-20 00:00:00 | Rilská 3174/6                             | Prague                | NULL         | Czech Republic | 14300             |  3.96 |
|       199 |         10 | 2011-05-21 00:00:00 | Rua Dr. Falcão Filho, 155                 | São Paulo             | SP           | Brazil         | 01007-010         |  5.94 |
|       200 |         16 | 2011-05-24 00:00:00 | 1600 Amphitheatre Parkway                 | Mountain View         | CA           | USA            | 94043-1351        |  8.91 |
|       201 |         25 | 2011-05-29 00:00:00 | 319 N. Frances Street                     | Madison               | WI           | USA            | 53703             | 18.86 |
|       202 |         39 | 2011-06-06 00:00:00 | 4, Rue Milton                             | Paris                 | NULL         | France         | 75009             |  1.99 |
|       203 |         40 | 2011-06-19 00:00:00 | 8, Rue Hanovre                            | Paris                 | NULL         | France         | 75002             |  2.98 |
|       204 |         42 | 2011-06-19 00:00:00 | 9, Place Louis Barthou                    | Bordeaux              | NULL         | France         | 33000             |  3.98 |
|       205 |         44 | 2011-06-20 00:00:00 | Porthaninkatu 9                           | Helsinki              | NULL         | Finland        | 00530             |  7.96 |
|       206 |         48 | 2011-06-21 00:00:00 | Lijnbaansgracht 120bg                     | Amsterdam             | VV           | Netherlands    | 1016              |  8.94 |
|       207 |         54 | 2011-06-24 00:00:00 | 110 Raeburn Pl                            | Edinburgh             | NULL         | United Kingdom | EH4 1HH           |  8.91 |
|       208 |          4 | 2011-06-29 00:00:00 | Ullevålsveien 14                          | Oslo                  | NULL         | Norway         | 0171              | 15.86 |
|       209 |         18 | 2011-07-07 00:00:00 | 627 Broadway                              | New York              | NY           | USA            | 10012-2612        |  0.99 |
|       210 |         19 | 2011-07-20 00:00:00 | 1 Infinite Loop                           | Cupertino             | CA           | USA            | 95014             |  1.98 |
|       211 |         21 | 2011-07-20 00:00:00 | 801 W 4th Street                          | Reno                  | NV           | USA            | 89503             |  1.98 |
|       212 |         23 | 2011-07-21 00:00:00 | 69 Salem Street                           | Boston                | MA           | USA            | 2113              |  3.96 |
|       213 |         27 | 2011-07-22 00:00:00 | 1033 N Park Ave                           | Tucson                | AZ           | USA            | 85719             |  5.94 |
|       214 |         33 | 2011-07-25 00:00:00 | 5112 48 Street                            | Yellowknife           | NT           | Canada         | X1A 1N6           |  8.91 |
|       215 |         42 | 2011-07-30 00:00:00 | 9, Place Louis Barthou                    | Bordeaux              | NULL         | France         | 33000             | 13.86 |
|       216 |         56 | 2011-08-07 00:00:00 | 307 Macacha Güemes                        | Buenos Aires          | NULL         | Argentina      | 1106              |  0.99 |
|       217 |         57 | 2011-08-20 00:00:00 | Calle Lira, 198                           | Santiago              | NULL         | Chile          | NULL              |  1.98 |
|       218 |         59 | 2011-08-20 00:00:00 | 3,Raj Bhavan Road                         | Bangalore             | NULL         | India          | 560001            |  1.98 |
|       219 |          2 | 2011-08-21 00:00:00 | Theodor-Heuss-Straße 34                   | Stuttgart             | NULL         | Germany        | 70174             |  3.96 |
|       220 |          6 | 2011-08-22 00:00:00 | Rilská 3174/6                             | Prague                | NULL         | Czech Republic | 14300             |  5.94 |
|       221 |         12 | 2011-08-25 00:00:00 | Praça Pio X, 119                          | Rio de Janeiro        | RJ           | Brazil         | 20040-020         |  8.91 |
|       222 |         21 | 2011-08-30 00:00:00 | 801 W 4th Street                          | Reno                  | NV           | USA            | 89503             | 13.86 |
|       223 |         35 | 2011-09-07 00:00:00 | Rua dos Campeões Europeus de Viena, 4350  | Porto                 | NULL         | Portugal       | NULL              |  0.99 |
|       224 |         36 | 2011-09-20 00:00:00 | Tauentzienstraße 8                        | Berlin                | NULL         | Germany        | 10789             |  1.98 |
|       225 |         38 | 2011-09-20 00:00:00 | Barbarossastraße 19                       | Berlin                | NULL         | Germany        | 10779             |  1.98 |
|       226 |         40 | 2011-09-21 00:00:00 | 8, Rue Hanovre                            | Paris                 | NULL         | France         | 75002             |  3.96 |
|       227 |         44 | 2011-09-22 00:00:00 | Porthaninkatu 9                           | Helsinki              | NULL         | Finland        | 00530             |  5.94 |
|       228 |         50 | 2011-09-25 00:00:00 | C/ San Bernardo 85                        | Madrid                | NULL         | Spain          | 28015             |  8.91 |
|       229 |         59 | 2011-09-30 00:00:00 | 3,Raj Bhavan Road                         | Bangalore             | NULL         | India          | 560001            | 13.86 |
|       230 |         14 | 2011-10-08 00:00:00 | 8210 111 ST NW                            | Edmonton              | AB           | Canada         | T6G 2C7           |  0.99 |
|       231 |         15 | 2011-10-21 00:00:00 | 700 W Pender Street                       | Vancouver             | BC           | Canada         | V6C 1G8           |  1.98 |
|       232 |         17 | 2011-10-21 00:00:00 | 1 Microsoft Way                           | Redmond               | WA           | USA            | 98052-8300        |  1.98 |
|       233 |         19 | 2011-10-22 00:00:00 | 1 Infinite Loop                           | Cupertino             | CA           | USA            | 95014             |  3.96 |
|       234 |         23 | 2011-10-23 00:00:00 | 69 Salem Street                           | Boston                | MA           | USA            | 2113              |  5.94 |
|       235 |         29 | 2011-10-26 00:00:00 | 796 Dundas Street West                    | Toronto               | ON           | Canada         | M6J 1V1           |  8.91 |
|       236 |         38 | 2011-10-31 00:00:00 | Barbarossastraße 19                       | Berlin                | NULL         | Germany        | 10779             | 13.86 |
|       237 |         52 | 2011-11-08 00:00:00 | 202 Hoxton Street                         | London                | NULL         | United Kingdom | N1 5LH            |  0.99 |
|       238 |         53 | 2011-11-21 00:00:00 | 113 Lupus St                              | London                | NULL         | United Kingdom | SW1V 3EN          |  1.98 |
|       239 |         55 | 2011-11-21 00:00:00 | 421 Bourke Street                         | Sidney                | NSW          | Australia      | 2010              |  1.98 |
|       240 |         57 | 2011-11-22 00:00:00 | Calle Lira, 198                           | Santiago              | NULL         | Chile          | NULL              |  3.96 |
|       241 |          2 | 2011-11-23 00:00:00 | Theodor-Heuss-Straße 34                   | Stuttgart             | NULL         | Germany        | 70174             |  5.94 |
|       242 |          8 | 2011-11-26 00:00:00 | Grétrystraat 63                           | Brussels              | NULL         | Belgium        | 1000              |  8.91 |
|       243 |         17 | 2011-12-01 00:00:00 | 1 Microsoft Way                           | Redmond               | WA           | USA            | 98052-8300        | 13.86 |
|       244 |         31 | 2011-12-09 00:00:00 | 194A Chain Lake Drive                     | Halifax               | NS           | Canada         | B3S 1C5           |  0.99 |
|       245 |         32 | 2011-12-22 00:00:00 | 696 Osborne Street                        | Winnipeg              | MB           | Canada         | R3L 2B9           |  1.98 |
|       246 |         34 | 2011-12-22 00:00:00 | Rua da Assunção 53                        | Lisbon                | NULL         | Portugal       | NULL              |  1.98 |
|       247 |         36 | 2011-12-23 00:00:00 | Tauentzienstraße 8                        | Berlin                | NULL         | Germany        | 10789             |  3.96 |
|       248 |         40 | 2011-12-24 00:00:00 | 8, Rue Hanovre                            | Paris                 | NULL         | France         | 75002             |  5.94 |
|       249 |         46 | 2011-12-27 00:00:00 | 3 Chatham Street                          | Dublin                | Dublin       | Ireland        | NULL              |  8.91 |
|       250 |         55 | 2012-01-01 00:00:00 | 421 Bourke Street                         | Sidney                | NSW          | Australia      | 2010              | 13.86 |
|       251 |         10 | 2012-01-09 00:00:00 | Rua Dr. Falcão Filho, 155                 | São Paulo             | SP           | Brazil         | 01007-010         |  0.99 |
|       252 |         11 | 2012-01-22 00:00:00 | Av. Paulista, 2022                        | São Paulo             | SP           | Brazil         | 01310-200         |  1.98 |
|       253 |         13 | 2012-01-22 00:00:00 | Qe 7 Bloco G                              | Brasília              | DF           | Brazil         | 71020-677         |  1.98 |
|       254 |         15 | 2012-01-23 00:00:00 | 700 W Pender Street                       | Vancouver             | BC           | Canada         | V6C 1G8           |  3.96 |
|       255 |         19 | 2012-01-24 00:00:00 | 1 Infinite Loop                           | Cupertino             | CA           | USA            | 95014             |  5.94 |
|       256 |         25 | 2012-01-27 00:00:00 | 319 N. Frances Street                     | Madison               | WI           | USA            | 53703             |  8.91 |
|       257 |         34 | 2012-02-01 00:00:00 | Rua da Assunção 53                        | Lisbon                | NULL         | Portugal       | NULL              | 13.86 |
|       258 |         48 | 2012-02-09 00:00:00 | Lijnbaansgracht 120bg                     | Amsterdam             | VV           | Netherlands    | 1016              |  0.99 |
|       259 |         49 | 2012-02-22 00:00:00 | Ordynacka 10                              | Warsaw                | NULL         | Poland         | 00-358            |  1.98 |
|       260 |         51 | 2012-02-22 00:00:00 | Celsiusg. 9                               | Stockholm             | NULL         | Sweden         | 11230             |  1.98 |
|       261 |         53 | 2012-02-23 00:00:00 | 113 Lupus St                              | London                | NULL         | United Kingdom | SW1V 3EN          |  3.96 |
|       262 |         57 | 2012-02-24 00:00:00 | Calle Lira, 198                           | Santiago              | NULL         | Chile          | NULL              |  5.94 |
|       263 |          4 | 2012-02-27 00:00:00 | Ullevålsveien 14                          | Oslo                  | NULL         | Norway         | 0171              |  8.91 |
|       264 |         13 | 2012-03-03 00:00:00 | Qe 7 Bloco G                              | Brasília              | DF           | Brazil         | 71020-677         | 13.86 |
|       265 |         27 | 2012-03-11 00:00:00 | 1033 N Park Ave                           | Tucson                | AZ           | USA            | 85719             |  0.99 |
|       266 |         28 | 2012-03-24 00:00:00 | 302 S 700 E                               | Salt Lake City        | UT           | USA            | 84102             |  1.98 |
|       267 |         30 | 2012-03-24 00:00:00 | 230 Elgin Street                          | Ottawa                | ON           | Canada         | K2P 1L7           |  1.98 |
|       268 |         32 | 2012-03-25 00:00:00 | 696 Osborne Street                        | Winnipeg              | MB           | Canada         | R3L 2B9           |  3.96 |
|       269 |         36 | 2012-03-26 00:00:00 | Tauentzienstraße 8                        | Berlin                | NULL         | Germany        | 10789             |  5.94 |
|       270 |         42 | 2012-03-29 00:00:00 | 9, Place Louis Barthou                    | Bordeaux              | NULL         | France         | 33000             |  8.91 |
|       271 |         51 | 2012-04-03 00:00:00 | Celsiusg. 9                               | Stockholm             | NULL         | Sweden         | 11230             | 13.86 |
|       272 |          6 | 2012-04-11 00:00:00 | Rilská 3174/6                             | Prague                | NULL         | Czech Republic | 14300             |  0.99 |
|       273 |          7 | 2012-04-24 00:00:00 | Rotenturmstraße 4, 1010 Innere Stadt      | Vienne                | NULL         | Austria        | 1010              |  1.98 |
|       274 |          9 | 2012-04-24 00:00:00 | Sønder Boulevard 51                       | Copenhagen            | NULL         | Denmark        | 1720              |  1.98 |
|       275 |         11 | 2012-04-25 00:00:00 | Av. Paulista, 2022                        | São Paulo             | SP           | Brazil         | 01310-200         |  3.96 |
|       276 |         15 | 2012-04-26 00:00:00 | 700 W Pender Street                       | Vancouver             | BC           | Canada         | V6C 1G8           |  5.94 |
|       277 |         21 | 2012-04-29 00:00:00 | 801 W 4th Street                          | Reno                  | NV           | USA            | 89503             |  8.91 |
|       278 |         30 | 2012-05-04 00:00:00 | 230 Elgin Street                          | Ottawa                | ON           | Canada         | K2P 1L7           | 13.86 |
|       279 |         44 | 2012-05-12 00:00:00 | Porthaninkatu 9                           | Helsinki              | NULL         | Finland        | 00530             |  0.99 |
|       280 |         45 | 2012-05-25 00:00:00 | Erzsébet krt. 58.                         | Budapest              | NULL         | Hungary        | H-1073            |  1.98 |
|       281 |         47 | 2012-05-25 00:00:00 | Via Degli Scipioni, 43                    | Rome                  | RM           | Italy          | 00192             |  1.98 |
|       282 |         49 | 2012-05-26 00:00:00 | Ordynacka 10                              | Warsaw                | NULL         | Poland         | 00-358            |  3.96 |
|       283 |         53 | 2012-05-27 00:00:00 | 113 Lupus St                              | London                | NULL         | United Kingdom | SW1V 3EN          |  5.94 |
|       284 |         59 | 2012-05-30 00:00:00 | 3,Raj Bhavan Road                         | Bangalore             | NULL         | India          | 560001            |  8.91 |
|       285 |          9 | 2012-06-04 00:00:00 | Sønder Boulevard 51                       | Copenhagen            | NULL         | Denmark        | 1720              | 13.86 |
|       286 |         23 | 2012-06-12 00:00:00 | 69 Salem Street                           | Boston                | MA           | USA            | 2113              |  0.99 |
|       287 |         24 | 2012-06-25 00:00:00 | 162 E Superior Street                     | Chicago               | IL           | USA            | 60611             |  1.98 |
|       288 |         26 | 2012-06-25 00:00:00 | 2211 W Berry Street                       | Fort Worth            | TX           | USA            | 76110             |  1.98 |
|       289 |         28 | 2012-06-26 00:00:00 | 302 S 700 E                               | Salt Lake City        | UT           | USA            | 84102             |  3.96 |
|       290 |         32 | 2012-06-27 00:00:00 | 696 Osborne Street                        | Winnipeg              | MB           | Canada         | R3L 2B9           |  5.94 |
|       291 |         38 | 2012-06-30 00:00:00 | Barbarossastraße 19                       | Berlin                | NULL         | Germany        | 10779             |  8.91 |
|       292 |         47 | 2012-07-05 00:00:00 | Via Degli Scipioni, 43                    | Rome                  | RM           | Italy          | 00192             | 13.86 |
|       293 |          2 | 2012-07-13 00:00:00 | Theodor-Heuss-Straße 34                   | Stuttgart             | NULL         | Germany        | 70174             |  0.99 |
|       294 |          3 | 2012-07-26 00:00:00 | 1498 rue Bélanger                         | Montréal              | QC           | Canada         | H2G 1A7           |  1.98 |
|       295 |          5 | 2012-07-26 00:00:00 | Klanova 9/506                             | Prague                | NULL         | Czech Republic | 14700             |  1.98 |
|       296 |          7 | 2012-07-27 00:00:00 | Rotenturmstraße 4, 1010 Innere Stadt      | Vienne                | NULL         | Austria        | 1010              |  3.96 |
|       297 |         11 | 2012-07-28 00:00:00 | Av. Paulista, 2022                        | São Paulo             | SP           | Brazil         | 01310-200         |  5.94 |
|       298 |         17 | 2012-07-31 00:00:00 | 1 Microsoft Way                           | Redmond               | WA           | USA            | 98052-8300        | 10.91 |
|       299 |         26 | 2012-08-05 00:00:00 | 2211 W Berry Street                       | Fort Worth            | TX           | USA            | 76110             | 23.86 |
|       300 |         40 | 2012-08-13 00:00:00 | 8, Rue Hanovre                            | Paris                 | NULL         | France         | 75002             |  0.99 |
|       301 |         41 | 2012-08-26 00:00:00 | 11, Place Bellecour                       | Lyon                  | NULL         | France         | 69002             |  1.98 |
|       302 |         43 | 2012-08-26 00:00:00 | 68, Rue Jouvence                          | Dijon                 | NULL         | France         | 21000             |  1.98 |
|       303 |         45 | 2012-08-27 00:00:00 | Erzsébet krt. 58.                         | Budapest              | NULL         | Hungary        | H-1073            |  3.96 |
|       304 |         49 | 2012-08-28 00:00:00 | Ordynacka 10                              | Warsaw                | NULL         | Poland         | 00-358            |  5.94 |
|       305 |         55 | 2012-08-31 00:00:00 | 421 Bourke Street                         | Sidney                | NSW          | Australia      | 2010              |  8.91 |
|       306 |          5 | 2012-09-05 00:00:00 | Klanova 9/506                             | Prague                | NULL         | Czech Republic | 14700             | 16.86 |
|       307 |         19 | 2012-09-13 00:00:00 | 1 Infinite Loop                           | Cupertino             | CA           | USA            | 95014             |  1.99 |
|       308 |         20 | 2012-09-26 00:00:00 | 541 Del Medio Avenue                      | Mountain View         | CA           | USA            | 94040-111         |  3.98 |
|       309 |         22 | 2012-09-26 00:00:00 | 120 S Orange Ave                          | Orlando               | FL           | USA            | 32801             |  3.98 |
|       310 |         24 | 2012-09-27 00:00:00 | 162 E Superior Street                     | Chicago               | IL           | USA            | 60611             |  7.96 |
|       311 |         28 | 2012-09-28 00:00:00 | 302 S 700 E                               | Salt Lake City        | UT           | USA            | 84102             | 11.94 |
|       312 |         34 | 2012-10-01 00:00:00 | Rua da Assunção 53                        | Lisbon                | NULL         | Portugal       | NULL              | 10.91 |
|       313 |         43 | 2012-10-06 00:00:00 | 68, Rue Jouvence                          | Dijon                 | NULL         | France         | 21000             | 16.86 |
|       314 |         57 | 2012-10-14 00:00:00 | Calle Lira, 198                           | Santiago              | NULL         | Chile          | NULL              |  0.99 |
|       315 |         58 | 2012-10-27 00:00:00 | 12,Community Centre                       | Delhi                 | NULL         | India          | 110017            |  1.98 |
|       316 |          1 | 2012-10-27 00:00:00 | Av. Brigadeiro Faria Lima, 2170           | São José dos Campos   | SP           | Brazil         | 12227-000         |  1.98 |
|       317 |          3 | 2012-10-28 00:00:00 | 1498 rue Bélanger                         | Montréal              | QC           | Canada         | H2G 1A7           |  3.96 |
|       318 |          7 | 2012-10-29 00:00:00 | Rotenturmstraße 4, 1010 Innere Stadt      | Vienne                | NULL         | Austria        | 1010              |  5.94 |
|       319 |         13 | 2012-11-01 00:00:00 | Qe 7 Bloco G                              | Brasília              | DF           | Brazil         | 71020-677         |  8.91 |
|       320 |         22 | 2012-11-06 00:00:00 | 120 S Orange Ave                          | Orlando               | FL           | USA            | 32801             | 13.86 |
|       321 |         36 | 2012-11-14 00:00:00 | Tauentzienstraße 8                        | Berlin                | NULL         | Germany        | 10789             |  0.99 |
|       322 |         37 | 2012-11-27 00:00:00 | Berger Straße 10                          | Frankfurt             | NULL         | Germany        | 60316             |  1.98 |
|       323 |         39 | 2012-11-27 00:00:00 | 4, Rue Milton                             | Paris                 | NULL         | France         | 75009             |  1.98 |
|       324 |         41 | 2012-11-28 00:00:00 | 11, Place Bellecour                       | Lyon                  | NULL         | France         | 69002             |  3.96 |
|       325 |         45 | 2012-11-29 00:00:00 | Erzsébet krt. 58.                         | Budapest              | NULL         | Hungary        | H-1073            |  5.94 |
|       326 |         51 | 2012-12-02 00:00:00 | Celsiusg. 9                               | Stockholm             | NULL         | Sweden         | 11230             |  8.91 |
|       327 |          1 | 2012-12-07 00:00:00 | Av. Brigadeiro Faria Lima, 2170           | São José dos Campos   | SP           | Brazil         | 12227-000         | 13.86 |
|       328 |         15 | 2012-12-15 00:00:00 | 700 W Pender Street                       | Vancouver             | BC           | Canada         | V6C 1G8           |  0.99 |
|       329 |         16 | 2012-12-28 00:00:00 | 1600 Amphitheatre Parkway                 | Mountain View         | CA           | USA            | 94043-1351        |  1.98 |
|       330 |         18 | 2012-12-28 00:00:00 | 627 Broadway                              | New York              | NY           | USA            | 10012-2612        |  1.98 |
|       331 |         20 | 2012-12-29 00:00:00 | 541 Del Medio Avenue                      | Mountain View         | CA           | USA            | 94040-111         |  3.96 |
|       332 |         24 | 2012-12-30 00:00:00 | 162 E Superior Street                     | Chicago               | IL           | USA            | 60611             |  5.94 |
|       333 |         30 | 2013-01-02 00:00:00 | 230 Elgin Street                          | Ottawa                | ON           | Canada         | K2P 1L7           |  8.91 |
|       334 |         39 | 2013-01-07 00:00:00 | 4, Rue Milton                             | Paris                 | NULL         | France         | 75009             | 13.86 |
|       335 |         53 | 2013-01-15 00:00:00 | 113 Lupus St                              | London                | NULL         | United Kingdom | SW1V 3EN          |  0.99 |
|       336 |         54 | 2013-01-28 00:00:00 | 110 Raeburn Pl                            | Edinburgh             | NULL         | United Kingdom | EH4 1HH           |  1.98 |
|       337 |         56 | 2013-01-28 00:00:00 | 307 Macacha Güemes                        | Buenos Aires          | NULL         | Argentina      | 1106              |  1.98 |
|       338 |         58 | 2013-01-29 00:00:00 | 12,Community Centre                       | Delhi                 | NULL         | India          | 110017            |  3.96 |
|       339 |          3 | 2013-01-30 00:00:00 | 1498 rue Bélanger                         | Montréal              | QC           | Canada         | H2G 1A7           |  5.94 |
|       340 |          9 | 2013-02-02 00:00:00 | Sønder Boulevard 51                       | Copenhagen            | NULL         | Denmark        | 1720              |  8.91 |
|       341 |         18 | 2013-02-07 00:00:00 | 627 Broadway                              | New York              | NY           | USA            | 10012-2612        | 13.86 |
|       342 |         32 | 2013-02-15 00:00:00 | 696 Osborne Street                        | Winnipeg              | MB           | Canada         | R3L 2B9           |  0.99 |
|       343 |         33 | 2013-02-28 00:00:00 | 5112 48 Street                            | Yellowknife           | NT           | Canada         | X1A 1N6           |  1.98 |
|       344 |         35 | 2013-02-28 00:00:00 | Rua dos Campeões Europeus de Viena, 4350  | Porto                 | NULL         | Portugal       | NULL              |  1.98 |
|       345 |         37 | 2013-03-01 00:00:00 | Berger Straße 10                          | Frankfurt             | NULL         | Germany        | 60316             |  3.96 |
|       346 |         41 | 2013-03-02 00:00:00 | 11, Place Bellecour                       | Lyon                  | NULL         | France         | 69002             |  5.94 |
|       347 |         47 | 2013-03-05 00:00:00 | Via Degli Scipioni, 43                    | Rome                  | RM           | Italy          | 00192             |  8.91 |
|       348 |         56 | 2013-03-10 00:00:00 | 307 Macacha Güemes                        | Buenos Aires          | NULL         | Argentina      | 1106              | 13.86 |
|       349 |         11 | 2013-03-18 00:00:00 | Av. Paulista, 2022                        | São Paulo             | SP           | Brazil         | 01310-200         |  0.99 |
|       350 |         12 | 2013-03-31 00:00:00 | Praça Pio X, 119                          | Rio de Janeiro        | RJ           | Brazil         | 20040-020         |  1.98 |
|       351 |         14 | 2013-03-31 00:00:00 | 8210 111 ST NW                            | Edmonton              | AB           | Canada         | T6G 2C7           |  1.98 |
|       352 |         16 | 2013-04-01 00:00:00 | 1600 Amphitheatre Parkway                 | Mountain View         | CA           | USA            | 94043-1351        |  3.96 |
|       353 |         20 | 2013-04-02 00:00:00 | 541 Del Medio Avenue                      | Mountain View         | CA           | USA            | 94040-111         |  5.94 |
|       354 |         26 | 2013-04-05 00:00:00 | 2211 W Berry Street                       | Fort Worth            | TX           | USA            | 76110             |  8.91 |
|       355 |         35 | 2013-04-10 00:00:00 | Rua dos Campeões Europeus de Viena, 4350  | Porto                 | NULL         | Portugal       | NULL              | 13.86 |
|       356 |         49 | 2013-04-18 00:00:00 | Ordynacka 10                              | Warsaw                | NULL         | Poland         | 00-358            |  0.99 |
|       357 |         50 | 2013-05-01 00:00:00 | C/ San Bernardo 85                        | Madrid                | NULL         | Spain          | 28015             |  1.98 |
|       358 |         52 | 2013-05-01 00:00:00 | 202 Hoxton Street                         | London                | NULL         | United Kingdom | N1 5LH            |  1.98 |
|       359 |         54 | 2013-05-02 00:00:00 | 110 Raeburn Pl                            | Edinburgh             | NULL         | United Kingdom | EH4 1HH           |  3.96 |
|       360 |         58 | 2013-05-03 00:00:00 | 12,Community Centre                       | Delhi                 | NULL         | India          | 110017            |  5.94 |
|       361 |          5 | 2013-05-06 00:00:00 | Klanova 9/506                             | Prague                | NULL         | Czech Republic | 14700             |  8.91 |
|       362 |         14 | 2013-05-11 00:00:00 | 8210 111 ST NW                            | Edmonton              | AB           | Canada         | T6G 2C7           | 13.86 |
|       363 |         28 | 2013-05-19 00:00:00 | 302 S 700 E                               | Salt Lake City        | UT           | USA            | 84102             |  0.99 |
|       364 |         29 | 2013-06-01 00:00:00 | 796 Dundas Street West                    | Toronto               | ON           | Canada         | M6J 1V1           |  1.98 |
|       365 |         31 | 2013-06-01 00:00:00 | 194A Chain Lake Drive                     | Halifax               | NS           | Canada         | B3S 1C5           |  1.98 |
|       366 |         33 | 2013-06-02 00:00:00 | 5112 48 Street                            | Yellowknife           | NT           | Canada         | X1A 1N6           |  3.96 |
|       367 |         37 | 2013-06-03 00:00:00 | Berger Straße 10                          | Frankfurt             | NULL         | Germany        | 60316             |  5.94 |
|       368 |         43 | 2013-06-06 00:00:00 | 68, Rue Jouvence                          | Dijon                 | NULL         | France         | 21000             |  8.91 |
|       369 |         52 | 2013-06-11 00:00:00 | 202 Hoxton Street                         | London                | NULL         | United Kingdom | N1 5LH            | 13.86 |
|       370 |          7 | 2013-06-19 00:00:00 | Rotenturmstraße 4, 1010 Innere Stadt      | Vienne                | NULL         | Austria        | 1010              |  0.99 |
|       371 |          8 | 2013-07-02 00:00:00 | Grétrystraat 63                           | Brussels              | NULL         | Belgium        | 1000              |  1.98 |
|       372 |         10 | 2013-07-02 00:00:00 | Rua Dr. Falcão Filho, 155                 | São Paulo             | SP           | Brazil         | 01007-010         |  1.98 |
|       373 |         12 | 2013-07-03 00:00:00 | Praça Pio X, 119                          | Rio de Janeiro        | RJ           | Brazil         | 20040-020         |  3.96 |
|       374 |         16 | 2013-07-04 00:00:00 | 1600 Amphitheatre Parkway                 | Mountain View         | CA           | USA            | 94043-1351        |  5.94 |
|       375 |         22 | 2013-07-07 00:00:00 | 120 S Orange Ave                          | Orlando               | FL           | USA            | 32801             |  8.91 |
|       376 |         31 | 2013-07-12 00:00:00 | 194A Chain Lake Drive                     | Halifax               | NS           | Canada         | B3S 1C5           | 13.86 |
|       377 |         45 | 2013-07-20 00:00:00 | Erzsébet krt. 58.                         | Budapest              | NULL         | Hungary        | H-1073            |  0.99 |
|       378 |         46 | 2013-08-02 00:00:00 | 3 Chatham Street                          | Dublin                | Dublin       | Ireland        | NULL              |  1.98 |
|       379 |         48 | 2013-08-02 00:00:00 | Lijnbaansgracht 120bg                     | Amsterdam             | VV           | Netherlands    | 1016              |  1.98 |
|       380 |         50 | 2013-08-03 00:00:00 | C/ San Bernardo 85                        | Madrid                | NULL         | Spain          | 28015             |  3.96 |
|       381 |         54 | 2013-08-04 00:00:00 | 110 Raeburn Pl                            | Edinburgh             | NULL         | United Kingdom | EH4 1HH           |  5.94 |
|       382 |          1 | 2013-08-07 00:00:00 | Av. Brigadeiro Faria Lima, 2170           | São José dos Campos   | SP           | Brazil         | 12227-000         |  8.91 |
|       383 |         10 | 2013-08-12 00:00:00 | Rua Dr. Falcão Filho, 155                 | São Paulo             | SP           | Brazil         | 01007-010         | 13.86 |
|       384 |         24 | 2013-08-20 00:00:00 | 162 E Superior Street                     | Chicago               | IL           | USA            | 60611             |  0.99 |
|       385 |         25 | 2013-09-02 00:00:00 | 319 N. Frances Street                     | Madison               | WI           | USA            | 53703             |  1.98 |
|       386 |         27 | 2013-09-02 00:00:00 | 1033 N Park Ave                           | Tucson                | AZ           | USA            | 85719             |  1.98 |
|       387 |         29 | 2013-09-03 00:00:00 | 796 Dundas Street West                    | Toronto               | ON           | Canada         | M6J 1V1           |  3.96 |
|       388 |         33 | 2013-09-04 00:00:00 | 5112 48 Street                            | Yellowknife           | NT           | Canada         | X1A 1N6           |  5.94 |
|       389 |         39 | 2013-09-07 00:00:00 | 4, Rue Milton                             | Paris                 | NULL         | France         | 75009             |  8.91 |
|       390 |         48 | 2013-09-12 00:00:00 | Lijnbaansgracht 120bg                     | Amsterdam             | VV           | Netherlands    | 1016              | 13.86 |
|       391 |          3 | 2013-09-20 00:00:00 | 1498 rue Bélanger                         | Montréal              | QC           | Canada         | H2G 1A7           |  0.99 |
|       392 |          4 | 2013-10-03 00:00:00 | Ullevålsveien 14                          | Oslo                  | NULL         | Norway         | 0171              |  1.98 |
|       393 |          6 | 2013-10-03 00:00:00 | Rilská 3174/6                             | Prague                | NULL         | Czech Republic | 14300             |  1.98 |
|       394 |          8 | 2013-10-04 00:00:00 | Grétrystraat 63                           | Brussels              | NULL         | Belgium        | 1000              |  3.96 |
|       395 |         12 | 2013-10-05 00:00:00 | Praça Pio X, 119                          | Rio de Janeiro        | RJ           | Brazil         | 20040-020         |  5.94 |
|       396 |         18 | 2013-10-08 00:00:00 | 627 Broadway                              | New York              | NY           | USA            | 10012-2612        |  8.91 |
|       397 |         27 | 2013-10-13 00:00:00 | 1033 N Park Ave                           | Tucson                | AZ           | USA            | 85719             | 13.86 |
|       398 |         41 | 2013-10-21 00:00:00 | 11, Place Bellecour                       | Lyon                  | NULL         | France         | 69002             |  0.99 |
|       399 |         42 | 2013-11-03 00:00:00 | 9, Place Louis Barthou                    | Bordeaux              | NULL         | France         | 33000             |  1.98 |
|       400 |         44 | 2013-11-03 00:00:00 | Porthaninkatu 9                           | Helsinki              | NULL         | Finland        | 00530             |  1.98 |
|       401 |         46 | 2013-11-04 00:00:00 | 3 Chatham Street                          | Dublin                | Dublin       | Ireland        | NULL              |  3.96 |
|       402 |         50 | 2013-11-05 00:00:00 | C/ San Bernardo 85                        | Madrid                | NULL         | Spain          | 28015             |  5.94 |
|       403 |         56 | 2013-11-08 00:00:00 | 307 Macacha Güemes                        | Buenos Aires          | NULL         | Argentina      | 1106              |  8.91 |
|       404 |          6 | 2013-11-13 00:00:00 | Rilská 3174/6                             | Prague                | NULL         | Czech Republic | 14300             | 25.86 |
|       405 |         20 | 2013-11-21 00:00:00 | 541 Del Medio Avenue                      | Mountain View         | CA           | USA            | 94040-111         |  0.99 |
|       406 |         21 | 2013-12-04 00:00:00 | 801 W 4th Street                          | Reno                  | NV           | USA            | 89503             |  1.98 |
|       407 |         23 | 2013-12-04 00:00:00 | 69 Salem Street                           | Boston                | MA           | USA            | 2113              |  1.98 |
|       408 |         25 | 2013-12-05 00:00:00 | 319 N. Frances Street                     | Madison               | WI           | USA            | 53703             |  3.96 |
|       409 |         29 | 2013-12-06 00:00:00 | 796 Dundas Street West                    | Toronto               | ON           | Canada         | M6J 1V1           |  5.94 |
|       410 |         35 | 2013-12-09 00:00:00 | Rua dos Campeões Europeus de Viena, 4350  | Porto                 | NULL         | Portugal       | NULL              |  8.91 |
|       411 |         44 | 2013-12-14 00:00:00 | Porthaninkatu 9                           | Helsinki              | NULL         | Finland        | 00530             | 13.86 |
|       412 |         58 | 2013-12-22 00:00:00 | 12,Community Centre                       | Delhi                 | NULL         | India          | 110017            |  1.99 |
+-----------+------------+---------------------+-------------------------------------------+-----------------------+--------------+----------------+-------------------+-------+
412 rows in set (0.00 sec)

mysql> SELECT  InvoiceDate, BillingAddress, Total FROM Invoice
    -> ORDER BY InvoiceDate desc;
+---------------------+-------------------------------------------+-------+
| InvoiceDate         | BillingAddress                            | Total |
+---------------------+-------------------------------------------+-------+
| 2013-12-22 00:00:00 | 12,Community Centre                       |  1.99 |
| 2013-12-14 00:00:00 | Porthaninkatu 9                           | 13.86 |
| 2013-12-09 00:00:00 | Rua dos Campeões Europeus de Viena, 4350  |  8.91 |
| 2013-12-06 00:00:00 | 796 Dundas Street West                    |  5.94 |
| 2013-12-05 00:00:00 | 319 N. Frances Street                     |  3.96 |
| 2013-12-04 00:00:00 | 801 W 4th Street                          |  1.98 |
| 2013-12-04 00:00:00 | 69 Salem Street                           |  1.98 |
| 2013-11-21 00:00:00 | 541 Del Medio Avenue                      |  0.99 |
| 2013-11-13 00:00:00 | Rilská 3174/6                             | 25.86 |
| 2013-11-08 00:00:00 | 307 Macacha Güemes                        |  8.91 |
| 2013-11-05 00:00:00 | C/ San Bernardo 85                        |  5.94 |
| 2013-11-04 00:00:00 | 3 Chatham Street                          |  3.96 |
| 2013-11-03 00:00:00 | 9, Place Louis Barthou                    |  1.98 |
| 2013-11-03 00:00:00 | Porthaninkatu 9                           |  1.98 |
| 2013-10-21 00:00:00 | 11, Place Bellecour                       |  0.99 |
| 2013-10-13 00:00:00 | 1033 N Park Ave                           | 13.86 |
| 2013-10-08 00:00:00 | 627 Broadway                              |  8.91 |
| 2013-10-05 00:00:00 | Praça Pio X, 119                          |  5.94 |
| 2013-10-04 00:00:00 | Grétrystraat 63                           |  3.96 |
| 2013-10-03 00:00:00 | Ullevålsveien 14                          |  1.98 |
| 2013-10-03 00:00:00 | Rilská 3174/6                             |  1.98 |
| 2013-09-20 00:00:00 | 1498 rue Bélanger                         |  0.99 |
| 2013-09-12 00:00:00 | Lijnbaansgracht 120bg                     | 13.86 |
| 2013-09-07 00:00:00 | 4, Rue Milton                             |  8.91 |
| 2013-09-04 00:00:00 | 5112 48 Street                            |  5.94 |
| 2013-09-03 00:00:00 | 796 Dundas Street West                    |  3.96 |
| 2013-09-02 00:00:00 | 319 N. Frances Street                     |  1.98 |
| 2013-09-02 00:00:00 | 1033 N Park Ave                           |  1.98 |
| 2013-08-20 00:00:00 | 162 E Superior Street                     |  0.99 |
| 2013-08-12 00:00:00 | Rua Dr. Falcão Filho, 155                 | 13.86 |
| 2013-08-07 00:00:00 | Av. Brigadeiro Faria Lima, 2170           |  8.91 |
| 2013-08-04 00:00:00 | 110 Raeburn Pl                            |  5.94 |
| 2013-08-03 00:00:00 | C/ San Bernardo 85                        |  3.96 |
| 2013-08-02 00:00:00 | 3 Chatham Street                          |  1.98 |
| 2013-08-02 00:00:00 | Lijnbaansgracht 120bg                     |  1.98 |
| 2013-07-20 00:00:00 | Erzsébet krt. 58.                         |  0.99 |
| 2013-07-12 00:00:00 | 194A Chain Lake Drive                     | 13.86 |
| 2013-07-07 00:00:00 | 120 S Orange Ave                          |  8.91 |
| 2013-07-04 00:00:00 | 1600 Amphitheatre Parkway                 |  5.94 |
| 2013-07-03 00:00:00 | Praça Pio X, 119                          |  3.96 |
| 2013-07-02 00:00:00 | Grétrystraat 63                           |  1.98 |
| 2013-07-02 00:00:00 | Rua Dr. Falcão Filho, 155                 |  1.98 |
| 2013-06-19 00:00:00 | Rotenturmstraße 4, 1010 Innere Stadt      |  0.99 |
| 2013-06-11 00:00:00 | 202 Hoxton Street                         | 13.86 |
| 2013-06-06 00:00:00 | 68, Rue Jouvence                          |  8.91 |
| 2013-06-03 00:00:00 | Berger Straße 10                          |  5.94 |
| 2013-06-02 00:00:00 | 5112 48 Street                            |  3.96 |
| 2013-06-01 00:00:00 | 796 Dundas Street West                    |  1.98 |
| 2013-06-01 00:00:00 | 194A Chain Lake Drive                     |  1.98 |
| 2013-05-19 00:00:00 | 302 S 700 E                               |  0.99 |
| 2013-05-11 00:00:00 | 8210 111 ST NW                            | 13.86 |
| 2013-05-06 00:00:00 | Klanova 9/506                             |  8.91 |
| 2013-05-03 00:00:00 | 12,Community Centre                       |  5.94 |
| 2013-05-02 00:00:00 | 110 Raeburn Pl                            |  3.96 |
| 2013-05-01 00:00:00 | C/ San Bernardo 85                        |  1.98 |
| 2013-05-01 00:00:00 | 202 Hoxton Street                         |  1.98 |
| 2013-04-18 00:00:00 | Ordynacka 10                              |  0.99 |
| 2013-04-10 00:00:00 | Rua dos Campeões Europeus de Viena, 4350  | 13.86 |
| 2013-04-05 00:00:00 | 2211 W Berry Street                       |  8.91 |
| 2013-04-02 00:00:00 | 541 Del Medio Avenue                      |  5.94 |
| 2013-04-01 00:00:00 | 1600 Amphitheatre Parkway                 |  3.96 |
| 2013-03-31 00:00:00 | Praça Pio X, 119                          |  1.98 |
| 2013-03-31 00:00:00 | 8210 111 ST NW                            |  1.98 |
| 2013-03-18 00:00:00 | Av. Paulista, 2022                        |  0.99 |
| 2013-03-10 00:00:00 | 307 Macacha Güemes                        | 13.86 |
| 2013-03-05 00:00:00 | Via Degli Scipioni, 43                    |  8.91 |
| 2013-03-02 00:00:00 | 11, Place Bellecour                       |  5.94 |
| 2013-03-01 00:00:00 | Berger Straße 10                          |  3.96 |
| 2013-02-28 00:00:00 | 5112 48 Street                            |  1.98 |
| 2013-02-28 00:00:00 | Rua dos Campeões Europeus de Viena, 4350  |  1.98 |
| 2013-02-15 00:00:00 | 696 Osborne Street                        |  0.99 |
| 2013-02-07 00:00:00 | 627 Broadway                              | 13.86 |
| 2013-02-02 00:00:00 | Sønder Boulevard 51                       |  8.91 |
| 2013-01-30 00:00:00 | 1498 rue Bélanger                         |  5.94 |
| 2013-01-29 00:00:00 | 12,Community Centre                       |  3.96 |
| 2013-01-28 00:00:00 | 110 Raeburn Pl                            |  1.98 |
| 2013-01-28 00:00:00 | 307 Macacha Güemes                        |  1.98 |
| 2013-01-15 00:00:00 | 113 Lupus St                              |  0.99 |
| 2013-01-07 00:00:00 | 4, Rue Milton                             | 13.86 |
| 2013-01-02 00:00:00 | 230 Elgin Street                          |  8.91 |
| 2012-12-30 00:00:00 | 162 E Superior Street                     |  5.94 |
| 2012-12-29 00:00:00 | 541 Del Medio Avenue                      |  3.96 |
| 2012-12-28 00:00:00 | 1600 Amphitheatre Parkway                 |  1.98 |
| 2012-12-28 00:00:00 | 627 Broadway                              |  1.98 |
| 2012-12-15 00:00:00 | 700 W Pender Street                       |  0.99 |
| 2012-12-07 00:00:00 | Av. Brigadeiro Faria Lima, 2170           | 13.86 |
| 2012-12-02 00:00:00 | Celsiusg. 9                               |  8.91 |
| 2012-11-29 00:00:00 | Erzsébet krt. 58.                         |  5.94 |
| 2012-11-28 00:00:00 | 11, Place Bellecour                       |  3.96 |
| 2012-11-27 00:00:00 | Berger Straße 10                          |  1.98 |
| 2012-11-27 00:00:00 | 4, Rue Milton                             |  1.98 |
| 2012-11-14 00:00:00 | Tauentzienstraße 8                        |  0.99 |
| 2012-11-06 00:00:00 | 120 S Orange Ave                          | 13.86 |
| 2012-11-01 00:00:00 | Qe 7 Bloco G                              |  8.91 |
| 2012-10-29 00:00:00 | Rotenturmstraße 4, 1010 Innere Stadt      |  5.94 |
| 2012-10-28 00:00:00 | 1498 rue Bélanger                         |  3.96 |
| 2012-10-27 00:00:00 | 12,Community Centre                       |  1.98 |
| 2012-10-27 00:00:00 | Av. Brigadeiro Faria Lima, 2170           |  1.98 |
| 2012-10-14 00:00:00 | Calle Lira, 198                           |  0.99 |
| 2012-10-06 00:00:00 | 68, Rue Jouvence                          | 16.86 |
| 2012-10-01 00:00:00 | Rua da Assunção 53                        | 10.91 |
| 2012-09-28 00:00:00 | 302 S 700 E                               | 11.94 |
| 2012-09-27 00:00:00 | 162 E Superior Street                     |  7.96 |
| 2012-09-26 00:00:00 | 541 Del Medio Avenue                      |  3.98 |
| 2012-09-26 00:00:00 | 120 S Orange Ave                          |  3.98 |
| 2012-09-13 00:00:00 | 1 Infinite Loop                           |  1.99 |
| 2012-09-05 00:00:00 | Klanova 9/506                             | 16.86 |
| 2012-08-31 00:00:00 | 421 Bourke Street                         |  8.91 |
| 2012-08-28 00:00:00 | Ordynacka 10                              |  5.94 |
| 2012-08-27 00:00:00 | Erzsébet krt. 58.                         |  3.96 |
| 2012-08-26 00:00:00 | 11, Place Bellecour                       |  1.98 |
| 2012-08-26 00:00:00 | 68, Rue Jouvence                          |  1.98 |
| 2012-08-13 00:00:00 | 8, Rue Hanovre                            |  0.99 |
| 2012-08-05 00:00:00 | 2211 W Berry Street                       | 23.86 |
| 2012-07-31 00:00:00 | 1 Microsoft Way                           | 10.91 |
| 2012-07-28 00:00:00 | Av. Paulista, 2022                        |  5.94 |
| 2012-07-27 00:00:00 | Rotenturmstraße 4, 1010 Innere Stadt      |  3.96 |
| 2012-07-26 00:00:00 | 1498 rue Bélanger                         |  1.98 |
| 2012-07-26 00:00:00 | Klanova 9/506                             |  1.98 |
| 2012-07-13 00:00:00 | Theodor-Heuss-Straße 34                   |  0.99 |
| 2012-07-05 00:00:00 | Via Degli Scipioni, 43                    | 13.86 |
| 2012-06-30 00:00:00 | Barbarossastraße 19                       |  8.91 |
| 2012-06-27 00:00:00 | 696 Osborne Street                        |  5.94 |
| 2012-06-26 00:00:00 | 302 S 700 E                               |  3.96 |
| 2012-06-25 00:00:00 | 162 E Superior Street                     |  1.98 |
| 2012-06-25 00:00:00 | 2211 W Berry Street                       |  1.98 |
| 2012-06-12 00:00:00 | 69 Salem Street                           |  0.99 |
| 2012-06-04 00:00:00 | Sønder Boulevard 51                       | 13.86 |
| 2012-05-30 00:00:00 | 3,Raj Bhavan Road                         |  8.91 |
| 2012-05-27 00:00:00 | 113 Lupus St                              |  5.94 |
| 2012-05-26 00:00:00 | Ordynacka 10                              |  3.96 |
| 2012-05-25 00:00:00 | Erzsébet krt. 58.                         |  1.98 |
| 2012-05-25 00:00:00 | Via Degli Scipioni, 43                    |  1.98 |
| 2012-05-12 00:00:00 | Porthaninkatu 9                           |  0.99 |
| 2012-05-04 00:00:00 | 230 Elgin Street                          | 13.86 |
| 2012-04-29 00:00:00 | 801 W 4th Street                          |  8.91 |
| 2012-04-26 00:00:00 | 700 W Pender Street                       |  5.94 |
| 2012-04-25 00:00:00 | Av. Paulista, 2022                        |  3.96 |
| 2012-04-24 00:00:00 | Rotenturmstraße 4, 1010 Innere Stadt      |  1.98 |
| 2012-04-24 00:00:00 | Sønder Boulevard 51                       |  1.98 |
| 2012-04-11 00:00:00 | Rilská 3174/6                             |  0.99 |
| 2012-04-03 00:00:00 | Celsiusg. 9                               | 13.86 |
| 2012-03-29 00:00:00 | 9, Place Louis Barthou                    |  8.91 |
| 2012-03-26 00:00:00 | Tauentzienstraße 8                        |  5.94 |
| 2012-03-25 00:00:00 | 696 Osborne Street                        |  3.96 |
| 2012-03-24 00:00:00 | 302 S 700 E                               |  1.98 |
| 2012-03-24 00:00:00 | 230 Elgin Street                          |  1.98 |
| 2012-03-11 00:00:00 | 1033 N Park Ave                           |  0.99 |
| 2012-03-03 00:00:00 | Qe 7 Bloco G                              | 13.86 |
| 2012-02-27 00:00:00 | Ullevålsveien 14                          |  8.91 |
| 2012-02-24 00:00:00 | Calle Lira, 198                           |  5.94 |
| 2012-02-23 00:00:00 | 113 Lupus St                              |  3.96 |
| 2012-02-22 00:00:00 | Ordynacka 10                              |  1.98 |
| 2012-02-22 00:00:00 | Celsiusg. 9                               |  1.98 |
| 2012-02-09 00:00:00 | Lijnbaansgracht 120bg                     |  0.99 |
| 2012-02-01 00:00:00 | Rua da Assunção 53                        | 13.86 |
| 2012-01-27 00:00:00 | 319 N. Frances Street                     |  8.91 |
| 2012-01-24 00:00:00 | 1 Infinite Loop                           |  5.94 |
| 2012-01-23 00:00:00 | 700 W Pender Street                       |  3.96 |
| 2012-01-22 00:00:00 | Av. Paulista, 2022                        |  1.98 |
| 2012-01-22 00:00:00 | Qe 7 Bloco G                              |  1.98 |
| 2012-01-09 00:00:00 | Rua Dr. Falcão Filho, 155                 |  0.99 |
| 2012-01-01 00:00:00 | 421 Bourke Street                         | 13.86 |
| 2011-12-27 00:00:00 | 3 Chatham Street                          |  8.91 |
| 2011-12-24 00:00:00 | 8, Rue Hanovre                            |  5.94 |
| 2011-12-23 00:00:00 | Tauentzienstraße 8                        |  3.96 |
| 2011-12-22 00:00:00 | 696 Osborne Street                        |  1.98 |
| 2011-12-22 00:00:00 | Rua da Assunção 53                        |  1.98 |
| 2011-12-09 00:00:00 | 194A Chain Lake Drive                     |  0.99 |
| 2011-12-01 00:00:00 | 1 Microsoft Way                           | 13.86 |
| 2011-11-26 00:00:00 | Grétrystraat 63                           |  8.91 |
| 2011-11-23 00:00:00 | Theodor-Heuss-Straße 34                   |  5.94 |
| 2011-11-22 00:00:00 | Calle Lira, 198                           |  3.96 |
| 2011-11-21 00:00:00 | 113 Lupus St                              |  1.98 |
| 2011-11-21 00:00:00 | 421 Bourke Street                         |  1.98 |
| 2011-11-08 00:00:00 | 202 Hoxton Street                         |  0.99 |
| 2011-10-31 00:00:00 | Barbarossastraße 19                       | 13.86 |
| 2011-10-26 00:00:00 | 796 Dundas Street West                    |  8.91 |
| 2011-10-23 00:00:00 | 69 Salem Street                           |  5.94 |
| 2011-10-22 00:00:00 | 1 Infinite Loop                           |  3.96 |
| 2011-10-21 00:00:00 | 700 W Pender Street                       |  1.98 |
| 2011-10-21 00:00:00 | 1 Microsoft Way                           |  1.98 |
| 2011-10-08 00:00:00 | 8210 111 ST NW                            |  0.99 |
| 2011-09-30 00:00:00 | 3,Raj Bhavan Road                         | 13.86 |
| 2011-09-25 00:00:00 | C/ San Bernardo 85                        |  8.91 |
| 2011-09-22 00:00:00 | Porthaninkatu 9                           |  5.94 |
| 2011-09-21 00:00:00 | 8, Rue Hanovre                            |  3.96 |
| 2011-09-20 00:00:00 | Tauentzienstraße 8                        |  1.98 |
| 2011-09-20 00:00:00 | Barbarossastraße 19                       |  1.98 |
| 2011-09-07 00:00:00 | Rua dos Campeões Europeus de Viena, 4350  |  0.99 |
| 2011-08-30 00:00:00 | 801 W 4th Street                          | 13.86 |
| 2011-08-25 00:00:00 | Praça Pio X, 119                          |  8.91 |
| 2011-08-22 00:00:00 | Rilská 3174/6                             |  5.94 |
| 2011-08-21 00:00:00 | Theodor-Heuss-Straße 34                   |  3.96 |
| 2011-08-20 00:00:00 | Calle Lira, 198                           |  1.98 |
| 2011-08-20 00:00:00 | 3,Raj Bhavan Road                         |  1.98 |
| 2011-08-07 00:00:00 | 307 Macacha Güemes                        |  0.99 |
| 2011-07-30 00:00:00 | 9, Place Louis Barthou                    | 13.86 |
| 2011-07-25 00:00:00 | 5112 48 Street                            |  8.91 |
| 2011-07-22 00:00:00 | 1033 N Park Ave                           |  5.94 |
| 2011-07-21 00:00:00 | 69 Salem Street                           |  3.96 |
| 2011-07-20 00:00:00 | 1 Infinite Loop                           |  1.98 |
| 2011-07-20 00:00:00 | 801 W 4th Street                          |  1.98 |
| 2011-07-07 00:00:00 | 627 Broadway                              |  0.99 |
| 2011-06-29 00:00:00 | Ullevålsveien 14                          | 15.86 |
| 2011-06-24 00:00:00 | 110 Raeburn Pl                            |  8.91 |
| 2011-06-21 00:00:00 | Lijnbaansgracht 120bg                     |  8.94 |
| 2011-06-20 00:00:00 | Porthaninkatu 9                           |  7.96 |
| 2011-06-19 00:00:00 | 8, Rue Hanovre                            |  2.98 |
| 2011-06-19 00:00:00 | 9, Place Louis Barthou                    |  3.98 |
| 2011-06-06 00:00:00 | 4, Rue Milton                             |  1.99 |
| 2011-05-29 00:00:00 | 319 N. Frances Street                     | 18.86 |
| 2011-05-24 00:00:00 | 1600 Amphitheatre Parkway                 |  8.91 |
| 2011-05-21 00:00:00 | Rua Dr. Falcão Filho, 155                 |  5.94 |
| 2011-05-20 00:00:00 | Rilská 3174/6                             |  3.96 |
| 2011-05-19 00:00:00 | Theodor-Heuss-Straße 34                   |  1.98 |
| 2011-05-19 00:00:00 | Ullevålsveien 14                          |  1.98 |
| 2011-05-06 00:00:00 | Av. Brigadeiro Faria Lima, 2170           |  0.99 |
| 2011-04-28 00:00:00 | 3 Chatham Street                          | 21.86 |
| 2011-04-23 00:00:00 | Berger Straße 10                          | 14.91 |
| 2011-04-20 00:00:00 | 194A Chain Lake Drive                     |  5.94 |
| 2011-04-19 00:00:00 | 1033 N Park Ave                           |  3.96 |
| 2011-04-18 00:00:00 | 69 Salem Street                           |  1.98 |
| 2011-04-18 00:00:00 | 319 N. Frances Street                     |  1.98 |
| 2011-04-05 00:00:00 | 120 S Orange Ave                          |  0.99 |
| 2011-03-28 00:00:00 | Grétrystraat 63                           | 13.86 |
| 2011-03-23 00:00:00 | 12,Community Centre                       |  8.91 |
| 2011-03-20 00:00:00 | 202 Hoxton Street                         |  5.94 |
| 2011-03-19 00:00:00 | Lijnbaansgracht 120bg                     |  3.96 |
| 2011-03-18 00:00:00 | Porthaninkatu 9                           |  1.98 |
| 2011-03-18 00:00:00 | 3 Chatham Street                          |  1.98 |
| 2011-03-05 00:00:00 | 68, Rue Jouvence                          |  0.99 |
| 2011-02-25 00:00:00 | 796 Dundas Street West                    | 13.86 |
| 2011-02-20 00:00:00 | 541 Del Medio Avenue                      |  8.91 |
| 2011-02-17 00:00:00 | 8210 111 ST NW                            |  5.94 |
| 2011-02-16 00:00:00 | Rua Dr. Falcão Filho, 155                 |  3.96 |
| 2011-02-15 00:00:00 | Rilská 3174/6                             |  1.98 |
| 2011-02-15 00:00:00 | Grétrystraat 63                           |  1.98 |
| 2011-02-02 00:00:00 | Klanova 9/506                             |  0.99 |
| 2011-01-25 00:00:00 | C/ San Bernardo 85                        | 13.86 |
| 2011-01-20 00:00:00 | 11, Place Bellecour                       |  8.91 |
| 2011-01-17 00:00:00 | Rua dos Campeões Europeus de Viena, 4350  |  5.94 |
| 2011-01-16 00:00:00 | 194A Chain Lake Drive                     |  3.96 |
| 2011-01-15 00:00:00 | 1033 N Park Ave                           |  1.98 |
| 2011-01-15 00:00:00 | 796 Dundas Street West                    |  1.98 |
| 2011-01-02 00:00:00 | 2211 W Berry Street                       |  0.99 |
| 2010-12-25 00:00:00 | Praça Pio X, 119                          | 13.86 |
| 2010-12-20 00:00:00 | 1498 rue Bélanger                         |  8.91 |
| 2010-12-17 00:00:00 | 307 Macacha Güemes                        |  5.94 |
| 2010-12-16 00:00:00 | 202 Hoxton Street                         |  3.96 |
| 2010-12-15 00:00:00 | Lijnbaansgracht 120bg                     |  1.98 |
| 2010-12-15 00:00:00 | C/ San Bernardo 85                        |  1.98 |
| 2010-12-02 00:00:00 | Via Degli Scipioni, 43                    |  0.99 |
| 2010-11-24 00:00:00 | 5112 48 Street                            | 13.86 |
| 2010-11-19 00:00:00 | 162 E Superior Street                     |  8.91 |
| 2010-11-16 00:00:00 | 627 Broadway                              |  5.94 |
| 2010-11-15 00:00:00 | 8210 111 ST NW                            |  3.96 |
| 2010-11-14 00:00:00 | Rua Dr. Falcão Filho, 155                 |  1.98 |
| 2010-11-14 00:00:00 | Praça Pio X, 119                          |  1.98 |
| 2010-11-01 00:00:00 | Sønder Boulevard 51                       |  0.99 |
| 2010-10-24 00:00:00 | 110 Raeburn Pl                            | 13.86 |
| 2010-10-19 00:00:00 | Erzsébet krt. 58.                         |  8.91 |
| 2010-10-16 00:00:00 | 4, Rue Milton                             |  5.94 |
| 2010-10-15 00:00:00 | Rua dos Campeões Europeus de Viena, 4350  |  3.96 |
| 2010-10-14 00:00:00 | 194A Chain Lake Drive                     |  1.98 |
| 2010-10-14 00:00:00 | 5112 48 Street                            |  1.98 |
| 2010-10-01 00:00:00 | 230 Elgin Street                          |  0.99 |
| 2010-09-23 00:00:00 | 1600 Amphitheatre Parkway                 | 13.86 |
| 2010-09-18 00:00:00 | Rotenturmstraße 4, 1010 Innere Stadt      |  8.91 |
| 2010-09-15 00:00:00 | Av. Brigadeiro Faria Lima, 2170           |  5.94 |
| 2010-09-14 00:00:00 | 307 Macacha Güemes                        |  3.96 |
| 2010-09-13 00:00:00 | 202 Hoxton Street                         |  1.98 |
| 2010-09-13 00:00:00 | 110 Raeburn Pl                            |  1.98 |
| 2010-08-31 00:00:00 | Celsiusg. 9                               |  0.99 |
| 2010-08-23 00:00:00 | Berger Straße 10                          | 13.86 |
| 2010-08-18 00:00:00 | 302 S 700 E                               |  8.91 |
| 2010-08-15 00:00:00 | 120 S Orange Ave                          |  5.94 |
| 2010-08-14 00:00:00 | 627 Broadway                              |  3.96 |
| 2010-08-13 00:00:00 | 8210 111 ST NW                            |  1.98 |
| 2010-08-13 00:00:00 | 1600 Amphitheatre Parkway                 |  1.98 |
| 2010-07-31 00:00:00 | Qe 7 Bloco G                              |  0.99 |
| 2010-07-23 00:00:00 | 12,Community Centre                       | 13.86 |
| 2010-07-18 00:00:00 | Ordynacka 10                              |  8.91 |
| 2010-07-15 00:00:00 | 68, Rue Jouvence                          |  5.94 |
| 2010-07-14 00:00:00 | 4, Rue Milton                             |  3.96 |
| 2010-07-13 00:00:00 | Rua dos Campeões Europeus de Viena, 4350  |  1.98 |
| 2010-07-13 00:00:00 | Berger Straße 10                          |  1.98 |
| 2010-06-30 00:00:00 | Rua da Assunção 53                        |  0.99 |
| 2010-06-22 00:00:00 | 541 Del Medio Avenue                      | 13.86 |
| 2010-06-17 00:00:00 | Av. Paulista, 2022                        |  8.91 |
| 2010-06-14 00:00:00 | Klanova 9/506                             |  5.94 |
| 2010-06-13 00:00:00 | Av. Brigadeiro Faria Lima, 2170           |  3.96 |
| 2010-06-12 00:00:00 | 307 Macacha Güemes                        |  1.98 |
| 2010-06-12 00:00:00 | 12,Community Centre                       |  1.98 |
| 2010-05-30 00:00:00 | 421 Bourke Street                         |  0.99 |
| 2010-05-22 00:00:00 | 11, Place Bellecour                       | 13.86 |
| 2010-05-17 00:00:00 | 696 Osborne Street                        |  8.91 |
| 2010-05-14 00:00:00 | 2211 W Berry Street                       |  5.94 |
| 2010-05-13 00:00:00 | 120 S Orange Ave                          |  3.96 |
| 2010-05-12 00:00:00 | 627 Broadway                              |  1.98 |
| 2010-05-12 00:00:00 | 541 Del Medio Avenue                      |  1.98 |
| 2010-04-29 00:00:00 | 1 Microsoft Way                           |  0.99 |
| 2010-04-21 00:00:00 | 1498 rue Bélanger                         | 13.86 |
| 2010-04-16 00:00:00 | 113 Lupus St                              |  8.91 |
| 2010-04-13 00:00:00 | Via Degli Scipioni, 43                    |  5.94 |
| 2010-04-12 00:00:00 | 68, Rue Jouvence                          |  3.96 |
| 2010-04-11 00:00:00 | 4, Rue Milton                             |  1.98 |
| 2010-04-11 00:00:00 | 11, Place Bellecour                       |  1.98 |
| 2010-03-29 00:00:00 | Barbarossastraße 19                       |  0.99 |
| 2010-03-21 00:00:00 | 162 E Superior Street                     | 15.86 |
| 2010-03-16 00:00:00 | 700 W Pender Street                       |  9.91 |
| 2010-03-13 00:00:00 | Sønder Boulevard 51                       |  5.94 |
| 2010-03-12 00:00:00 | Klanova 9/506                             |  3.96 |
| 2010-03-11 00:00:00 | Av. Brigadeiro Faria Lima, 2170           |  3.98 |
| 2010-03-11 00:00:00 | 1498 rue Bélanger                         |  3.98 |
| 2010-02-26 00:00:00 | 3,Raj Bhavan Road                         |  1.99 |
| 2010-02-18 00:00:00 | Erzsébet krt. 58.                         | 21.86 |
| 2010-02-13 00:00:00 | Tauentzienstraße 8                        |  8.91 |
| 2010-02-10 00:00:00 | 230 Elgin Street                          |  5.94 |
| 2010-02-09 00:00:00 | 2211 W Berry Street                       |  3.96 |
| 2010-02-08 00:00:00 | 120 S Orange Ave                          |  1.98 |
| 2010-02-08 00:00:00 | 162 E Superior Street                     |  1.98 |
| 2010-01-26 00:00:00 | 801 W 4th Street                          |  0.99 |
| 2010-01-18 00:00:00 | Rotenturmstraße 4, 1010 Innere Stadt      | 18.86 |
| 2010-01-13 00:00:00 | Calle Lira, 198                           | 17.91 |
| 2010-01-10 00:00:00 | Celsiusg. 9                               |  6.94 |
| 2010-01-09 00:00:00 | Via Degli Scipioni, 43                    |  3.96 |
| 2010-01-08 00:00:00 | 68, Rue Jouvence                          |  1.98 |
| 2010-01-08 00:00:00 | Erzsébet krt. 58.                         |  1.98 |
| 2009-12-26 00:00:00 | 9, Place Louis Barthou                    |  0.99 |
| 2009-12-18 00:00:00 | 302 S 700 E                               | 13.86 |
| 2009-12-13 00:00:00 | 1 Infinite Loop                           |  8.91 |
| 2009-12-10 00:00:00 | Qe 7 Bloco G                              |  5.94 |
| 2009-12-09 00:00:00 | Sønder Boulevard 51                       |  3.96 |
| 2009-12-08 00:00:00 | Klanova 9/506                             |  1.98 |
| 2009-12-08 00:00:00 | Rotenturmstraße 4, 1010 Innere Stadt      |  1.98 |
| 2009-11-25 00:00:00 | Ullevålsveien 14                          |  0.99 |
| 2009-11-17 00:00:00 | Ordynacka 10                              | 13.86 |
| 2009-11-12 00:00:00 | 8, Rue Hanovre                            |  8.91 |
| 2009-11-09 00:00:00 | Rua da Assunção 53                        |  5.94 |
| 2009-11-08 00:00:00 | 230 Elgin Street                          |  3.96 |
| 2009-11-07 00:00:00 | 2211 W Berry Street                       |  1.98 |
| 2009-11-07 00:00:00 | 302 S 700 E                               |  1.98 |
| 2009-10-25 00:00:00 | 319 N. Frances Street                     |  0.99 |
| 2009-10-17 00:00:00 | Av. Paulista, 2022                        | 13.86 |
| 2009-10-12 00:00:00 | Theodor-Heuss-Straße 34                   |  8.91 |
| 2009-10-09 00:00:00 | 421 Bourke Street                         |  5.94 |
| 2009-10-08 00:00:00 | Celsiusg. 9                               |  3.96 |
| 2009-10-07 00:00:00 | Via Degli Scipioni, 43                    |  1.98 |
| 2009-10-07 00:00:00 | Ordynacka 10                              |  1.98 |
| 2009-09-24 00:00:00 | 3 Chatham Street                          |  0.99 |
| 2009-09-16 00:00:00 | 696 Osborne Street                        | 13.86 |
| 2009-09-11 00:00:00 | 69 Salem Street                           |  8.91 |
| 2009-09-08 00:00:00 | 1 Microsoft Way                           |  5.94 |
| 2009-09-07 00:00:00 | Qe 7 Bloco G                              |  3.96 |
| 2009-09-06 00:00:00 | Sønder Boulevard 51                       |  1.98 |
| 2009-09-06 00:00:00 | Av. Paulista, 2022                        |  1.98 |
| 2009-08-24 00:00:00 | Grétrystraat 63                           |  0.99 |
| 2009-08-16 00:00:00 | 113 Lupus St                              | 13.86 |
| 2009-08-11 00:00:00 | Porthaninkatu 9                           |  8.91 |
| 2009-08-08 00:00:00 | Barbarossastraße 19                       |  5.94 |
| 2009-08-07 00:00:00 | Rua da Assunção 53                        |  3.96 |
| 2009-08-06 00:00:00 | 230 Elgin Street                          |  1.98 |
| 2009-08-06 00:00:00 | 696 Osborne Street                        |  1.98 |
| 2009-07-24 00:00:00 | 796 Dundas Street West                    |  0.99 |
| 2009-07-16 00:00:00 | 700 W Pender Street                       | 13.86 |
| 2009-07-11 00:00:00 | Rilská 3174/6                             |  8.91 |
| 2009-07-08 00:00:00 | 3,Raj Bhavan Road                         |  5.94 |
| 2009-07-07 00:00:00 | 421 Bourke Street                         |  3.96 |
| 2009-07-06 00:00:00 | Celsiusg. 9                               |  1.98 |
| 2009-07-06 00:00:00 | 113 Lupus St                              |  1.98 |
| 2009-06-23 00:00:00 | C/ San Bernardo 85                        |  0.99 |
| 2009-06-15 00:00:00 | Tauentzienstraße 8                        | 13.86 |
| 2009-06-10 00:00:00 | 1033 N Park Ave                           |  8.91 |
| 2009-06-07 00:00:00 | 801 W 4th Street                          |  5.94 |
| 2009-06-06 00:00:00 | 1 Microsoft Way                           |  3.96 |
| 2009-06-05 00:00:00 | Qe 7 Bloco G                              |  1.98 |
| 2009-06-05 00:00:00 | 700 W Pender Street                       |  1.98 |
| 2009-05-23 00:00:00 | Praça Pio X, 119                          |  0.99 |
| 2009-05-15 00:00:00 | Calle Lira, 198                           | 13.86 |
| 2009-05-10 00:00:00 | Lijnbaansgracht 120bg                     |  8.91 |
| 2009-05-07 00:00:00 | 9, Place Louis Barthou                    |  5.94 |
| 2009-05-06 00:00:00 | Barbarossastraße 19                       |  3.96 |
| 2009-05-05 00:00:00 | Rua da Assunção 53                        |  1.98 |
| 2009-05-05 00:00:00 | Tauentzienstraße 8                        |  1.98 |
| 2009-04-22 00:00:00 | 5112 48 Street                            |  0.99 |
| 2009-04-14 00:00:00 | 1 Infinite Loop                           | 13.86 |
| 2009-04-09 00:00:00 | Rua Dr. Falcão Filho, 155                 |  8.91 |
| 2009-04-06 00:00:00 | Ullevålsveien 14                          |  5.94 |
| 2009-04-05 00:00:00 | 3,Raj Bhavan Road                         |  3.96 |
| 2009-04-04 00:00:00 | 421 Bourke Street                         |  1.98 |
| 2009-04-04 00:00:00 | Calle Lira, 198                           |  1.98 |
| 2009-03-22 00:00:00 | 110 Raeburn Pl                            |  0.99 |
| 2009-03-14 00:00:00 | 8, Rue Hanovre                            | 13.86 |
| 2009-03-09 00:00:00 | 194A Chain Lake Drive                     |  8.91 |
| 2009-03-06 00:00:00 | 319 N. Frances Street                     |  5.94 |
| 2009-03-05 00:00:00 | 801 W 4th Street                          |  3.96 |
| 2009-03-04 00:00:00 | 1 Microsoft Way                           |  1.98 |
| 2009-03-04 00:00:00 | 1 Infinite Loop                           |  1.98 |
| 2009-02-19 00:00:00 | 1600 Amphitheatre Parkway                 |  0.99 |
| 2009-02-11 00:00:00 | Theodor-Heuss-Straße 34                   | 13.86 |
| 2009-02-06 00:00:00 | 202 Hoxton Street                         |  8.91 |
| 2009-02-03 00:00:00 | 3 Chatham Street                          |  5.94 |
| 2009-02-02 00:00:00 | 9, Place Louis Barthou                    |  3.96 |
| 2009-02-01 00:00:00 | Barbarossastraße 19                       |  1.98 |
| 2009-02-01 00:00:00 | 8, Rue Hanovre                            |  1.98 |
| 2009-01-19 00:00:00 | Berger Straße 10                          |  0.99 |
| 2009-01-11 00:00:00 | 69 Salem Street                           | 13.86 |
| 2009-01-06 00:00:00 | 8210 111 ST NW                            |  8.91 |
| 2009-01-03 00:00:00 | Grétrystraat 63                           |  5.94 |
| 2009-01-02 00:00:00 | Ullevålsveien 14                          |  3.96 |
| 2009-01-01 00:00:00 | Theodor-Heuss-Straße 34                   |  1.98 |
+---------------------+-------------------------------------------+-------+
412 rows in set (0.00 sec)

mysql> SELECT EmployeeID, LastName, FirstName FROM HireDate
    -> ORDER BY HireDate desc
    -> LIMIT 3;
ERROR 1146 (42S02): Table 'Chinook.HireDate' doesn't exist
mysql> SELECT EmployeeID, LastName, FirstName, HireDate FROM Employee
    -> ORDER BY HireDate desc
    -> LIMIT 3;
+------------+----------+-----------+---------------------+
| EmployeeID | LastName | FirstName | HireDate            |
+------------+----------+-----------+---------------------+
|          8 | Callahan | Laura     | 2004-03-04 00:00:00 |
|          7 | King     | Robert    | 2004-01-02 00:00:00 |
|          6 | Mitchell | Michael   | 2003-10-17 00:00:00 |
+------------+----------+-----------+---------------------+
3 rows in set (0.00 sec)

mysql> SELECT EmployeeId, LastName, FirstName, HireDate FROM Employee
    -> ORDER BY HireDate DESC, EmployeeId DESC
    -> LIMIT 3;
+------------+----------+-----------+---------------------+
| EmployeeId | LastName | FirstName | HireDate            |
+------------+----------+-----------+---------------------+
|          8 | Callahan | Laura     | 2004-03-04 00:00:00 |
|          7 | King     | Robert    | 2004-01-02 00:00:00 |
|          6 | Mitchell | Michael   | 2003-10-17 00:00:00 |
+------------+----------+-----------+---------------------+
3 rows in set (0.00 sec)

mysql> SELECT COUNT(*) FORM Customer;
ERROR 1064 (42000): You have an error in your SQL syntax; check the manual that corresponds to your MySQL server version for the right syntax to use near 'Customer' at line 1
mysql> SELECT COUNT(*) FROM Customer;
+----------+
| COUNT(*) |
+----------+
|       59 |
+----------+
1 row in set (0.01 sec)

mysql> SELECT MIN(BirthDate) FROM Employee;
+---------------------+
| MIN(BirthDate)      |
+---------------------+
| 1947-09-19 00:00:00 |
+---------------------+
1 row in set (0.00 sec)

mysql> SELECT MAX(HireDate) FROM Employee;
+---------------------+
| MAX(HireDate)       |
+---------------------+
| 2004-03-04 00:00:00 |
+---------------------+
1 row in set (0.00 sec)

mysql> SELECT * Customers
    -> ;
ERROR 1064 (42000): You have an error in your SQL syntax; check the manual that corresponds to your MySQL server version for the right syntax to use near 'Customers' at line 1
mysql> SELECT * Customers;
ERROR 1064 (42000): You have an error in your SQL syntax; check the manual that corresponds to your MySQL server version for the right syntax to use near 'Customers' at line 1
mysql> SELECT (*)  Customers;
ERROR 1064 (42000): You have an error in your SQL syntax; check the manual that corresponds to your MySQL server version for the right syntax to use near '*)  Customers' at line 1
mysql> quit
